Input Dirac increment:
- Valid time: 2010-01-01T12:00:00Z
  Geometry: L40x21 [840]
  Fields:
    air_horizontal_streamfunction: 1.0000000000000000e+00
- Valid time: 2010-01-01T18:00:00Z
  Geometry: L40x21 [840]
  Fields:
    air_horizontal_streamfunction: 0.0000000000000000e+00
Covariance(SABER) diagnostics:
- Variances at Dirac points:
  + Value for variable air_horizontal_streamfunction, subwindow 0, at (longitude, latitude, vertical index) point (0.00000, 0.00000, 1): 1.8125589976117404e+00
- Covariances at diagnostic points:
  + Value for variable air_horizontal_streamfunction, subwindow 0, at (longitude, latitude, vertical index) point (9.00000, 0.00000, 1): 1.2501502519578487e+00
  + Value for variable air_horizontal_streamfunction, subwindow 1, at (longitude, latitude, vertical index) point (0.00000, 0.00000, 1): 4.7468801772703595e-01
  + Value for variable air_horizontal_streamfunction, subwindow 1, at (longitude, latitude, vertical index) point (9.00000, 0.00000, 1): 5.5505909587090074e-01
Covariance(SABER) * Increment:
- Valid time: 2010-01-01T12:00:00Z
  Geometry: L40x21 [840]
  Fields:
    air_horizontal_streamfunction: 1.1519976387976749e+01
- Valid time: 2010-01-01T18:00:00Z
  Geometry: L40x21 [840]
  Fields:
    air_horizontal_streamfunction: 1.2114196155781569e+01
