Input Dirac increment:
- Valid time: 2010-01-01T12:00:00Z
  Geometry: L40x21 [840]
  Fields:
  - eastward_wind (2 levels):
    + min    = 0.0000000000000000e+00
    + max    = 1.0000000000000000e+00
    + mean   = 6.5616797900262466e-04
    + stddev = 2.5615775978927613e-02
  - northward_wind (2 levels):
    + min    = 0.0000000000000000e+00
    + max    = 0.0000000000000000e+00
- Valid time: 2010-01-01T18:00:00Z
  Geometry: L40x21 [840]
  Fields:
  - eastward_wind (2 levels):
    + min    = 0.0000000000000000e+00
    + max    = 0.0000000000000000e+00
  - northward_wind (2 levels):
    + min    = 0.0000000000000000e+00
    + max    = 0.0000000000000000e+00
       Independent levels:  1[2]
          Subset Sc0 size:              762
          Domain area (% of Earth area): 0.100E+03%
             Level   1 ~> 100.0%
             Level   2 ~> 100.0%
             Level   1 ~>  0.100E+01 vert. coord.
             Level   2 ~>  0.200E+01 vert. coord.
       Accuracy tests:
          Wavenumber:  1
             - psi/chi to u:  89.76377%
             - psi/chi to v:  89.76376%
          Wavenumber:  2
             - psi/chi to u:  75.59054%
             - psi/chi to v:  75.59054%
          Wavenumber:  3
             - psi/chi to u:  89.76377%
             - psi/chi to v:  89.76377%
          Wavenumber:  4
             - psi/chi to u:  67.19160%
             - psi/chi to v:  83.98950%
          Wavenumber:  5
             - psi/chi to u:  39.37007%
             - psi/chi to v:  39.37007%
Adjoint test for block BUMP_PsiChiToUV passed
       Independent levels:  1[2]
          Subset Sc0 size:              762
          Domain area (% of Earth area): 0.100E+03%
             Level   1 ~> 100.0%
             Level   2 ~> 100.0%
             Level   1 ~>  0.100E+01 vert. coord.
             Level   2 ~>  0.200E+01 vert. coord.
          nc1 =      520
          nc2 =      280
          Independent levels:  1[2]
Adjoint test for block BUMP_VerticalBalance passed
Norm of input parameter StdDev: 5.5271073069144208e+01
Adjoint test for block StdDev passed
       Independent levels:  1[2]
          Subset Sc0 size:              762
          Domain area (% of Earth area): 0.100E+03%
             Level   1 ~> 100.0%
             Level   2 ~> 100.0%
             Level   1 ~>  0.100E+01 vert. coord.
             Level   2 ~>  0.200E+01 vert. coord.
Adjoint test for block BUMP_StdDev passed
       Independent levels:  1[2]
          Subset Sc0 size:              762
          Domain area (% of Earth area): 0.100E+03%
             Level   1 ~> 100.0%
             Level   2 ~> 100.0%
             Level   1 ~>  0.100E+01 vert. coord.
             Level   2 ~>  0.200E+01 vert. coord.
Norm of input parameter stddev - 1: 5.5271073069144208e+01
Adjoint test for block BUMP_StdDev passed
       Independent levels:  1[2]
          Subset Sc0 size:              762
          Domain area (% of Earth area): 0.100E+03%
             Level   1 ~> 100.0%
             Level   2 ~> 100.0%
             Level   1 ~>  0.100E+01 vert. coord.
             Level   2 ~>  0.200E+01 vert. coord.
Adjoint test for block BUMP_NICAS passed
Square-root test for block BUMP_NICAS passed
       Independent levels:  1[2]
          Subset Sc0 size:              762
          Domain area (% of Earth area): 0.100E+03%
             Level   1 ~> 100.0%
             Level   2 ~> 100.0%
             Level   1 ~>  0.100E+01 vert. coord.
             Level   2 ~>  0.200E+01 vert. coord.
Covariance(hybrid) * Increment:
- Valid time: 2010-01-01T12:00:00Z
  Geometry: L40x21 [840]
  Fields:
  - eastward_wind (2 levels):
    + min    = -5.9901148359302991e-01
    + max    = 5.6112055230469284e+00
    + mean   = 3.3255227516358427e-02
    + stddev = 2.8697317576801884e-01
  - northward_wind (2 levels):
    + min    = -1.9638508366215246e+00
    + max    = 4.3381015664479483e-01
    + mean   = -6.9733498230905742e-03
    + stddev = 8.5142300469799564e-02
- Valid time: 2010-01-01T18:00:00Z
  Geometry: L40x21 [840]
  Fields:
  - eastward_wind (2 levels):
    + min    = -3.0351738471944473e-01
    + max    = 2.4868201300079416e+00
    + mean   = 1.0724084252444158e-02
    + stddev = 1.1568518189528695e-01
  - northward_wind (2 levels):
    + min    = -1.1034580764115323e+00
    + max    = 1.2163138398155922e+00
    + mean   = -5.5735234825321431e-03
    + stddev = 8.8043666760110606e-02
       Independent levels:  1[2]
          Subset Sc0 size:              762
          Domain area (% of Earth area): 0.100E+03%
             Level   1 ~> 100.0%
             Level   2 ~> 100.0%
             Level   1 ~>  0.100E+01 vert. coord.
             Level   2 ~>  0.200E+01 vert. coord.
       Accuracy tests:
          Wavenumber:  1
             - psi/chi to u:  89.76377%
             - psi/chi to v:  89.76376%
          Wavenumber:  2
             - psi/chi to u:  75.59054%
             - psi/chi to v:  75.59054%
          Wavenumber:  3
             - psi/chi to u:  89.76377%
             - psi/chi to v:  89.76377%
          Wavenumber:  4
             - psi/chi to u:  67.19160%
             - psi/chi to v:  83.98950%
          Wavenumber:  5
             - psi/chi to u:  39.37007%
             - psi/chi to v:  39.37007%
Adjoint test for block BUMP_PsiChiToUV passed
       Independent levels:  1[2]
          Subset Sc0 size:              762
          Domain area (% of Earth area): 0.100E+03%
             Level   1 ~> 100.0%
             Level   2 ~> 100.0%
             Level   1 ~>  0.100E+01 vert. coord.
             Level   2 ~>  0.200E+01 vert. coord.
          nc1 =      520
          nc2 =      280
          Independent levels:  1[2]
Adjoint test for block BUMP_VerticalBalance passed
Norm of input parameter StdDev: 5.5271073069144208e+01
Adjoint test for block StdDev passed
       Independent levels:  1[2]
          Subset Sc0 size:              762
          Domain area (% of Earth area): 0.100E+03%
             Level   1 ~> 100.0%
             Level   2 ~> 100.0%
             Level   1 ~>  0.100E+01 vert. coord.
             Level   2 ~>  0.200E+01 vert. coord.
Adjoint test for block BUMP_StdDev passed
       Independent levels:  1[2]
          Subset Sc0 size:              762
          Domain area (% of Earth area): 0.100E+03%
             Level   1 ~> 100.0%
             Level   2 ~> 100.0%
             Level   1 ~>  0.100E+01 vert. coord.
             Level   2 ~>  0.200E+01 vert. coord.
Norm of input parameter stddev - 1: 5.5271073069144208e+01
Adjoint test for block BUMP_StdDev passed
       Independent levels:  1[2]
          Subset Sc0 size:              762
          Domain area (% of Earth area): 0.100E+03%
             Level   1 ~> 100.0%
             Level   2 ~> 100.0%
             Level   1 ~>  0.100E+01 vert. coord.
             Level   2 ~>  0.200E+01 vert. coord.
Adjoint test for block BUMP_NICAS passed
Square-root test for block BUMP_NICAS passed
Covariance(hybrid1_SABER) * Increment:
- Valid time: 2010-01-01T12:00:00Z
  Geometry: L40x21 [840]
  Fields:
  - eastward_wind (2 levels):
    + min    = -4.2272882413303675e-13
    + max    = 1.3245077672571633e-12
    + mean   = -2.6547474822106584e-16
    + stddev = 8.7991326244855622e-14
  - northward_wind (2 levels):
    + min    = -2.6850642577848529e-13
    + max    = 2.4184293562979440e-13
    + mean   = -5.3724378546260834e-17
    + stddev = 3.2362097461740333e-14
- Valid time: 2010-01-01T18:00:00Z
  Geometry: L40x21 [840]
  Fields:
  - eastward_wind (2 levels):
    + min    = -4.2272882413303675e-13
    + max    = 1.3245077672571633e-12
    + mean   = -2.6547474822106584e-16
    + stddev = 8.7991326244855622e-14
  - northward_wind (2 levels):
    + min    = -2.6850642577848529e-13
    + max    = 2.4184293562979440e-13
    + mean   = -5.3724378546260834e-17
    + stddev = 3.2362097461740333e-14
       Independent levels:  1[2]
          Subset Sc0 size:              762
          Domain area (% of Earth area): 0.100E+03%
             Level   1 ~> 100.0%
             Level   2 ~> 100.0%
             Level   1 ~>  0.100E+01 vert. coord.
             Level   2 ~>  0.200E+01 vert. coord.
Covariance(hybrid2_ensemble) * Increment:
- Valid time: 2010-01-01T12:00:00Z
  Geometry: L40x21 [840]
  Fields:
  - eastward_wind (2 levels):
    + min    = -1.1980229671859235e+00
    + max    = 1.1222411046092532e+01
    + mean   = 6.6510455032717089e-02
    + stddev = 5.7394635153596929e-01
  - northward_wind (2 levels):
    + min    = -3.9277016732430416e+00
    + max    = 8.6762031328979328e-01
    + mean   = -1.3946699646181081e-02
    + stddev = 1.7028460093959852e-01
- Valid time: 2010-01-01T18:00:00Z
  Geometry: L40x21 [840]
  Fields:
  - eastward_wind (2 levels):
    + min    = -6.0703476943868750e-01
    + max    = 4.9736402600145588e+00
    + mean   = 2.1448168504888575e-02
    + stddev = 2.3137036379051387e-01
  - northward_wind (2 levels):
    + min    = -2.2069161528230801e+00
    + max    = 2.4326276796311821e+00
    + mean   = -1.1147046965064219e-02
    + stddev = 1.7608733352022102e-01
       Independent levels:  1[2]
          Subset Sc0 size:              762
          Domain area (% of Earth area): 0.100E+03%
             Level   1 ~> 100.0%
             Level   2 ~> 100.0%
             Level   1 ~>  0.100E+01 vert. coord.
             Level   2 ~>  0.200E+01 vert. coord.
Localization(hybrid2_ensemble_localization) diagnostics:
- Localization at zero separation:
  + Value for variable eastward_wind, subwindow 0, at (longitude, latitude, vertical index) point (0.00000, 0.00000, 1): 1.0000000000000000e+00
Localization(hybrid2_ensemble) * Increment:
- Valid time: 2010-01-01T12:00:00Z
  Geometry: L40x21 [840]
  Fields:
  - eastward_wind (2 levels):
    + min    = 0.0000000000000000e+00
    + max    = 1.0000000000000000e+00
    + mean   = 1.2011782306452006e-02
    + stddev = 7.0574857117575135e-02
  - northward_wind (2 levels):
    + min    = 0.0000000000000000e+00
    + max    = 1.0000000000000000e+00
    + mean   = 1.2011782306452006e-02
    + stddev = 7.0574857117575135e-02
- Valid time: 2010-01-01T18:00:00Z
  Geometry: L40x21 [840]
  Fields:
  - eastward_wind (2 levels):
    + min    = 0.0000000000000000e+00
    + max    = 1.0000000000000000e+00
    + mean   = 1.2011782306452006e-02
    + stddev = 7.0574857117575135e-02
  - northward_wind (2 levels):
    + min    = 0.0000000000000000e+00
    + max    = 1.0000000000000000e+00
    + mean   = 1.2011782306452006e-02
    + stddev = 7.0574857117575135e-02
