Input Dirac increment:
- Valid time: 2010-01-01T12:00:00Z
  Geometry: structured [3848]
  Fields:
  - geographical_x_wind (10 levels):
    + min    = 0.0000000000000000e+00
    + max    = 0.0000000000000000e+00
  - geographical_y_wind (10 levels):
    + min    = 0.0000000000000000e+00
    + max    = 0.0000000000000000e+00
  - air_temperature (10 levels):
    + min    = 0.0000000000000000e+00
    + max    = 1.0000000000000000e+00
    + mean   = 2.5987525987525989e-05
    + stddev = 5.0977961892907635e-03
  - log_of_air_pressure_at_surface (1 levels):
    + min    = 0.0000000000000000e+00
    + max    = 0.0000000000000000e+00
  - water_vapor_mixing_ratio_wrt_moist_air (10 levels):
    + min    = 0.0000000000000000e+00
    + max    = 0.0000000000000000e+00
- Regional grid size: 74x52
- Cell sizes: 2.5000000000000000e+00 km x 2.5000000000000000e+00 km
- Mean latitude: 5.6289536019444682e+01 deg
- Spectral sizes: 38x27
- Truncation parameters MxN: 36x25
- Maximum total wave number: 36
- Spectral array global size: 2815
- Direct-inverse test passed
- Inverse-direct test passed
- Parseval identity test passed
- Adjoint test (forward) passed
- Adjoint test (inverse) passed
- Derivatives / direct Laplacian consistency test passed
Adjoint test for block BifourierSpectralToGrid passed
Inner inverse test for block BifourierSpectralToGrid passed: U Uinv (U x) == (U x)
Outer inverse test for block BifourierSpectralToGrid passed: Uinv U (Uinv x) == (Uinv x)
- Regional grid size: 37x26
- Cell sizes: 5.0000000000000000e+00 km x 5.0000000000000000e+00 km
- Mean latitude: 5.6280321216393915e+01 deg
- Spectral sizes: 19x14
- Truncation parameters MxN: 18x12
- Maximum total wave number: 18
- Spectral array global size: 669
- Direct-inverse test passed
- Inverse-direct test passed
- Parseval identity test passed
- Adjoint test (forward) passed
- Adjoint test (inverse) passed
- Derivatives / direct Laplacian consistency test passed
Adjoint test for block BifourierSpectralConverter passed
Skipping inverse test for block BifourierSpectralConverter
Adjoint test for block BifourierGridToSpectral passed
Inner inverse test for block BifourierGridToSpectral passed: U Uinv (U x) == (U x)
Outer inverse test for block BifourierGridToSpectral passed: Uinv U (Uinv x) == (Uinv x)
- Regional grid size: 37x26
- Cell sizes: 5.0000000000000000e+00 km x 5.0000000000000000e+00 km
- Mean latitude: 5.6280321216393915e+01 deg
- Spectral sizes: 19x14
- Truncation parameters MxN: 18x12
- Maximum total wave number: 18
- Spectral array global size: 669
- Direct-inverse test passed
- Inverse-direct test passed
- Parseval identity test passed
- Adjoint test (forward) passed
- Adjoint test (inverse) passed
- Derivatives / direct Laplacian consistency test passed
Adjoint test for block BifourierSpectralToGrid passed
Inner inverse test for block BifourierSpectralToGrid passed: U Uinv (U x) == (U x)
Outer inverse test for block BifourierSpectralToGrid passed: Uinv U (Uinv x) == (Uinv x)
Covariance norms: 
- allVars: 
  + correlation square-root: 8.8536355081362295e-01
  + standard-deviation:      3.3166247903553998e+00
Adjoint test for block BifourierCovariance passed
Adjoint test for the multivariate central block passed
Square-root test for block BifourierCovariance passed
Square-root test for the multivariate central block passed
- Regional grid size: 74x52
- Cell sizes: 2.5000000000000000e+00 km x 2.5000000000000000e+00 km
- Mean latitude: 5.6289536019444682e+01 deg
- Spectral sizes: 38x27
- Truncation parameters MxN: 36x25
- Maximum total wave number: 36
- Spectral array global size: 2815
- Direct-inverse test passed
- Inverse-direct test passed
- Parseval identity test passed
- Adjoint test (forward) passed
- Adjoint test (inverse) passed
- Derivatives / direct Laplacian consistency test passed
Adjoint test for block BifourierSpectralToGrid passed
Inner inverse test for block BifourierSpectralToGrid passed: U Uinv (U x) == (U x)
Outer inverse test for block BifourierSpectralToGrid passed: Uinv U (Uinv x) == (Uinv x)
Covariance norms: 
- allVars: 
  + correlation square-root: 2.8418006258952433e-01
  + standard-deviation:      3.3166247903553998e+00
Adjoint test for block BifourierCovariance passed
Adjoint test for the multivariate central block passed
Square-root test for block BifourierCovariance passed
Square-root test for the multivariate central block passed
Adjoint test for block Ensemble passed
Square-root test for block Ensemble passed
Covariance(SABER) * Increment:
- Valid time: 2010-01-01T12:00:00Z
  Geometry: structured [3848]
  Fields:
  - geographical_x_wind (10 levels):
    + min    = -1.9240848502665587e-03
    + max    = 2.8065381558539247e-04
    + mean   = -1.3799082732401467e-06
    + stddev = 4.6765167028430567e-05
  - geographical_y_wind (10 levels):
    + min    = -2.2310915961332601e-03
    + max    = 2.1469625189441847e-04
    + mean   = -2.8499249652993129e-06
    + stddev = 3.0957951761496230e-05
  - air_temperature (10 levels):
    + min    = -3.1549925021106501e-03
    + max    = 5.4864035769395220e-02
    + mean   = 3.5156502738376686e-05
    + stddev = 8.3529988459209018e-04
  - log_of_air_pressure_at_surface (1 levels):
    + min    = -6.5120166779349784e-07
    + max    = 2.0781323105674004e-06
    + mean   = 6.4464476688883446e-08
    + stddev = 2.9887779867624124e-07
  - water_vapor_mixing_ratio_wrt_moist_air (10 levels):
    + min    = -9.9071912629776345e-07
    + max    = 2.9270281588614219e-06
    + mean   = -2.5088689219294298e-09
    + stddev = 7.8009959843772829e-08
