Input Dirac increment:
- Valid time: 2010-01-01T12:00:00Z
  Geometry: structured [3723]
  Fields:
  - geographical_x_wind (10 levels):
    + min    = 0.0000000000000000e+00
    + max    = 0.0000000000000000e+00
  - geographical_y_wind (10 levels):
    + min    = 0.0000000000000000e+00
    + max    = 0.0000000000000000e+00
  - air_temperature (10 levels):
    + min    = 0.0000000000000000e+00
    + max    = 1.0000000000000000e+00
    + mean   = 2.6860059092130003e-05
    + stddev = 5.1826691088793144e-03
  - log_of_air_pressure_at_surface (1 levels):
    + min    = 0.0000000000000000e+00
    + max    = 0.0000000000000000e+00
  - water_vapor_mixing_ratio_wrt_moist_air (10 levels):
    + min    = 0.0000000000000000e+00
    + max    = 0.0000000000000000e+00
- Regional grid size: 73x51
- Cell sizes: 2.5000000000000000e+00 km x 2.5000000000000000e+00 km
- Mean latitude: 5.6289831946322792e+01 deg
- Spectral sizes: 37x26
- Truncation parameters MxN: 36x25
- Maximum total wave number: 36
- Spectral array global size: 2815
- Direct-inverse test passed
- Inverse-direct test passed
- Parseval identity test passed
- Adjoint test (forward) passed
- Adjoint test (inverse) passed
- Derivatives / direct Laplacian consistency test passed
- Regional grid size: 73x51
- Cell sizes: 2.5000000000000000e+00 km x 2.5000000000000000e+00 km
- Mean latitude: 5.6289831946322792e+01 deg
- Spectral sizes: 37x26
- Truncation parameters MxN: 36x25
- Maximum total wave number: 36
- Spectral array global size: 2815
- Direct-inverse test passed
- Inverse-direct test passed
- Parseval identity test passed
- Adjoint test (forward) passed
- Adjoint test (inverse) passed
- Derivatives / direct Laplacian consistency test passed
Adjoint test for block BifourierSpectralToGrid passed
Inner inverse test for block BifourierSpectralToGrid passed: U Uinv (U x) == (U x)
Outer inverse test for block BifourierSpectralToGrid passed: Uinv U (Uinv x) == (Uinv x)
Covariance norms: 
- allVars: 
  + correlation square-root: 1.4078772323623472e+00
  + standard-deviation:      3.3166247903553998e+00
Adjoint test for block BifourierCovariance passed
Adjoint test for the multivariate central block passed
Square-root test for block BifourierCovariance passed
Square-root test for the multivariate central block passed
Adjoint test for block BifourierSpectralToGrid passed
Inner inverse test for block BifourierSpectralToGrid passed: U Uinv (U x) == (U x)
Outer inverse test for block BifourierSpectralToGrid passed: Uinv U (Uinv x) == (Uinv x)
Covariance norms: 
- allVars: 
  + correlation square-root: 4.2279102000591856e-01
  + standard-deviation:      3.3166247903553998e+00
Adjoint test for block BifourierCovariance passed
Adjoint test for the multivariate central block passed
Square-root test for block BifourierCovariance passed
Square-root test for the multivariate central block passed
Adjoint test for block Ensemble passed
Square-root test for block Ensemble passed
Covariance(SABER) * Increment:
- Valid time: 2010-01-01T12:00:00Z
  Geometry: structured [3723]
  Fields:
  - geographical_x_wind (10 levels):
    + min    = -3.4488030637281472e-03
    + max    = 3.4406695774243974e-04
    + mean   = -4.3897562750150236e-06
    + stddev = 6.6243528572576681e-05
  - geographical_y_wind (10 levels):
    + min    = -1.2185604872275943e-03
    + max    = 2.1893719521847250e-03
    + mean   = -2.6122871560156747e-07
    + stddev = 3.3516648975248868e-05
  - air_temperature (10 levels):
    + min    = -1.1944270775694941e-03
    + max    = 1.2639970639733189e-01
    + mean   = 1.1872101199206807e-04
    + stddev = 1.5138056160925548e-03
  - log_of_air_pressure_at_surface (1 levels):
    + min    = -9.1813899659973506e-07
    + max    = 4.4387677496712452e-06
    + mean   = 1.2426462300731539e-07
    + stddev = 6.6961667713554756e-07
  - water_vapor_mixing_ratio_wrt_moist_air (10 levels):
    + min    = -8.7714757852349063e-06
    + max    = 3.7485645353814272e-06
    + mean   = -2.5559413194372949e-08
    + stddev = 2.1886310487906649e-07
