Input Dirac increment:
- Valid time: 2010-01-01T12:00:00Z
  Geometry: structured [3848]
  Fields:
  - geographical_x_wind (10 levels):
    + min    = 0.0000000000000000e+00
    + max    = 0.0000000000000000e+00
  - geographical_y_wind (10 levels):
    + min    = 0.0000000000000000e+00
    + max    = 0.0000000000000000e+00
  - air_temperature (10 levels):
    + min    = 0.0000000000000000e+00
    + max    = 1.0000000000000000e+00
    + mean   = 2.5987525987525989e-05
    + stddev = 5.0977961892907635e-03
  - log_of_air_pressure_at_surface (1 levels):
    + min    = 0.0000000000000000e+00
    + max    = 0.0000000000000000e+00
  - water_vapor_mixing_ratio_wrt_moist_air (10 levels):
    + min    = 0.0000000000000000e+00
    + max    = 0.0000000000000000e+00
- Regional grid size: 74x52
- Cell sizes: 2.5000000000000000e+00 km x 2.5000000000000000e+00 km
- Mean latitude: 5.6289536019444682e+01 deg
- Spectral sizes: 38x27
- Truncation parameters MxN: 36x25
- Maximum total wave number: 36
- Spectral array global size: 2815
- Direct-inverse test passed
- Inverse-direct test passed
- Parseval identity test passed
- Adjoint test (forward) passed
- Adjoint test (inverse) passed
- Derivatives / direct Laplacian consistency test passed
Adjoint test for block BifourierSpectralToGrid passed
Inner inverse test for block BifourierSpectralToGrid passed: U Uinv (U x) == (U x)
Outer inverse test for block BifourierSpectralToGrid passed: Uinv U (Uinv x) == (Uinv x)
- Regional grid size: 37x26
- Cell sizes: 5.0000000000000000e+00 km x 5.0000000000000000e+00 km
- Mean latitude: 5.6280321216393915e+01 deg
- Spectral sizes: 19x14
- Truncation parameters MxN: 18x12
- Maximum total wave number: 18
- Spectral array global size: 669
- Direct-inverse test passed
- Inverse-direct test passed
- Parseval identity test passed
- Adjoint test (forward) passed
- Adjoint test (inverse) passed
- Derivatives / direct Laplacian consistency test passed
Adjoint test for block BifourierSpectralConverter passed
Skipping inverse test for block BifourierSpectralConverter
Adjoint test for block BifourierGridToSpectral passed
Inner inverse test for block BifourierGridToSpectral passed: U Uinv (U x) == (U x)
Outer inverse test for block BifourierGridToSpectral passed: Uinv U (Uinv x) == (Uinv x)
- Regional grid size: 74x52
- Cell sizes: 2.5000000000000000e+00 km x 2.5000000000000000e+00 km
- Mean latitude: 5.6289536019444682e+01 deg
- Spectral sizes: 38x27
- Truncation parameters MxN: 36x25
- Maximum total wave number: 36
- Spectral array global size: 2815
- Direct-inverse test passed
- Inverse-direct test passed
- Parseval identity test passed
- Adjoint test (forward) passed
- Adjoint test (inverse) passed
- Derivatives / direct Laplacian consistency test passed
Adjoint test for block BifourierSpectralToGrid passed
Inner inverse test for block BifourierSpectralToGrid passed: U Uinv (U x) == (U x)
Outer inverse test for block BifourierSpectralToGrid passed: Uinv U (Uinv x) == (Uinv x)
Covariance norms: 
- allVars: 
  + correlation square-root: 7.1742357350225516e-01
  + standard-deviation:      3.3166247903553998e+00
Adjoint test for block BifourierCovariance passed
Adjoint test for the multivariate central block passed
Square-root test for block BifourierCovariance passed
Square-root test for the multivariate central block passed
Adjoint test for block BifourierSpectralToGrid passed
Inner inverse test for block BifourierSpectralToGrid passed: U Uinv (U x) == (U x)
Outer inverse test for block BifourierSpectralToGrid passed: Uinv U (Uinv x) == (Uinv x)
Covariance norms: 
- allVars: 
  + correlation square-root: 2.8651694494963192e-01
  + standard-deviation:      3.3166247903553998e+00
Adjoint test for block BifourierCovariance passed
Adjoint test for the multivariate central block passed
Square-root test for block BifourierCovariance passed
Square-root test for the multivariate central block passed
Adjoint test for block Ensemble passed
Square-root test for block Ensemble passed
Covariance(SABER) * Increment:
- Valid time: 2010-01-01T12:00:00Z
  Geometry: structured [3848]
  Fields:
  - geographical_x_wind (10 levels):
    + min    = -2.1142134222804010e-03
    + max    = 2.4750341889572073e-04
    + mean   = -1.7498770915159667e-06
    + stddev = 3.8509616391462089e-05
  - geographical_y_wind (10 levels):
    + min    = -2.2350521852677286e-03
    + max    = 1.2745651492727429e-04
    + mean   = 7.0479153230758079e-09
    + stddev = 2.2534184870538686e-05
  - air_temperature (10 levels):
    + min    = -1.3761595871176124e-03
    + max    = 5.1053376753867667e-02
    + mean   = 5.7901121283633093e-05
    + stddev = 7.2419393672688078e-04
  - log_of_air_pressure_at_surface (1 levels):
    + min    = -4.6516712251143142e-07
    + max    = 3.7413199334015076e-07
    + mean   = -8.2134348672153790e-11
    + stddev = 6.8438023263292990e-08
  - water_vapor_mixing_ratio_wrt_moist_air (10 levels):
    + min    = -1.2865427083209753e-06
    + max    = 4.0614404003104145e-06
    + mean   = 3.0414764008776810e-09
    + stddev = 7.3519203307259527e-08
