Input Dirac increment:
- Valid time: 2010-01-01T12:00:00Z
  Geometry: L40x21 [840]
  Fields:
    eastward_wind: 1.0000000000000000e+00
    northward_wind: 0.0000000000000000e+00
- Valid time: 2010-01-01T18:00:00Z
  Geometry: L40x21 [840]
  Fields:
    eastward_wind: 0.0000000000000000e+00
    northward_wind: 0.0000000000000000e+00
       Independent levels:  1[2]
          Subset Sc0 size:              762
          Domain area (% of Earth area): 0.100E+03%
             Level   1 ~> 100.0%
             Level   2 ~> 100.0%
             Level   1 ~>  0.100E+01 vert. coord.
             Level   2 ~>  0.200E+01 vert. coord.
       Accuracy tests:
          Wavenumber:  1
             - psi/chi to u:  89.76377%
             - psi/chi to v:  89.76376%
          Wavenumber:  2
             - psi/chi to u:  75.59054%
             - psi/chi to v:  75.59054%
          Wavenumber:  3
             - psi/chi to u:  89.76377%
             - psi/chi to v:  89.76377%
          Wavenumber:  4
             - psi/chi to u:  67.19160%
             - psi/chi to v:  83.98950%
          Wavenumber:  5
             - psi/chi to u:  39.37007%
             - psi/chi to v:  39.37007%
Adjoint test for block BUMP_PsiChiToUV passed
       Independent levels:  1[2]
          Subset Sc0 size:              762
          Domain area (% of Earth area): 0.100E+03%
             Level   1 ~> 100.0%
             Level   2 ~> 100.0%
             Level   1 ~>  0.100E+01 vert. coord.
             Level   2 ~>  0.200E+01 vert. coord.
          nc1 =      520
          nc2 =      280
          Independent levels:  1[2]
Adjoint test for block BUMP_VerticalBalance passed
Norm of input parameter StdDev: 5.8157693747128690e+01
Adjoint test for block StdDev passed
       Independent levels:  1[2]
          Subset Sc0 size:              762
          Domain area (% of Earth area): 0.100E+03%
             Level   1 ~> 100.0%
             Level   2 ~> 100.0%
             Level   1 ~>  0.100E+01 vert. coord.
             Level   2 ~>  0.200E+01 vert. coord.
Adjoint test for block BUMP_StdDev passed
       Independent levels:  1[2]
          Subset Sc0 size:              762
          Domain area (% of Earth area): 0.100E+03%
             Level   1 ~> 100.0%
             Level   2 ~> 100.0%
             Level   1 ~>  0.100E+01 vert. coord.
             Level   2 ~>  0.200E+01 vert. coord.
Norm of input parameter stddev - 1: 5.8157693747128690e+01
Adjoint test for block BUMP_StdDev passed
       Independent levels:  1[2]
          Subset Sc0 size:              762
          Domain area (% of Earth area): 0.100E+03%
             Level   1 ~> 100.0%
             Level   2 ~> 100.0%
             Level   1 ~>  0.100E+01 vert. coord.
             Level   2 ~>  0.200E+01 vert. coord.
Adjoint test for block BUMP_NICAS passed
Square-root test for block BUMP_NICAS passed
       Independent levels:  1[2]
          Subset Sc0 size:              762
          Domain area (% of Earth area): 0.100E+03%
             Level   1 ~> 100.0%
             Level   2 ~> 100.0%
             Level   1 ~>  0.100E+01 vert. coord.
             Level   2 ~>  0.200E+01 vert. coord.
Covariance(hybrid) * Increment:
- Valid time: 2010-01-01T12:00:00Z
  Geometry: L40x21 [840]
  Fields:
    eastward_wind: 2.0468702030700122e+01
    northward_wind: 5.1027046865576215e+00
- Valid time: 2010-01-01T18:00:00Z
  Geometry: L40x21 [840]
  Fields:
    eastward_wind: 6.4419444627204712e+00
    northward_wind: 3.4492138626908302e+00
       Independent levels:  1[2]
          Subset Sc0 size:              762
          Domain area (% of Earth area): 0.100E+03%
             Level   1 ~> 100.0%
             Level   2 ~> 100.0%
             Level   1 ~>  0.100E+01 vert. coord.
             Level   2 ~>  0.200E+01 vert. coord.
       Accuracy tests:
          Wavenumber:  1
             - psi/chi to u:  89.76377%
             - psi/chi to v:  89.76376%
          Wavenumber:  2
             - psi/chi to u:  75.59054%
             - psi/chi to v:  75.59054%
          Wavenumber:  3
             - psi/chi to u:  89.76377%
             - psi/chi to v:  89.76377%
          Wavenumber:  4
             - psi/chi to u:  67.19160%
             - psi/chi to v:  83.98950%
          Wavenumber:  5
             - psi/chi to u:  39.37007%
             - psi/chi to v:  39.37007%
Adjoint test for block BUMP_PsiChiToUV passed
       Independent levels:  1[2]
          Subset Sc0 size:              762
          Domain area (% of Earth area): 0.100E+03%
             Level   1 ~> 100.0%
             Level   2 ~> 100.0%
             Level   1 ~>  0.100E+01 vert. coord.
             Level   2 ~>  0.200E+01 vert. coord.
          nc1 =      520
          nc2 =      280
          Independent levels:  1[2]
Adjoint test for block BUMP_VerticalBalance passed
Norm of input parameter StdDev: 5.8157693747128690e+01
Adjoint test for block StdDev passed
       Independent levels:  1[2]
          Subset Sc0 size:              762
          Domain area (% of Earth area): 0.100E+03%
             Level   1 ~> 100.0%
             Level   2 ~> 100.0%
             Level   1 ~>  0.100E+01 vert. coord.
             Level   2 ~>  0.200E+01 vert. coord.
Adjoint test for block BUMP_StdDev passed
       Independent levels:  1[2]
          Subset Sc0 size:              762
          Domain area (% of Earth area): 0.100E+03%
             Level   1 ~> 100.0%
             Level   2 ~> 100.0%
             Level   1 ~>  0.100E+01 vert. coord.
             Level   2 ~>  0.200E+01 vert. coord.
Norm of input parameter stddev - 1: 5.8157693747128690e+01
Adjoint test for block BUMP_StdDev passed
Adjoint test for block BUMP_NICAS passed
Square-root test for block BUMP_NICAS passed
Covariance(hybrid1_SABER) * Increment:
- Valid time: 2010-01-01T12:00:00Z
  Geometry: L40x21 [840]
  Fields:
    eastward_wind: 3.8581245933803094e-12
    northward_wind: 1.5173804635176648e-12
- Valid time: 2010-01-01T18:00:00Z
  Geometry: L40x21 [840]
  Fields:
    eastward_wind: 3.8581245933803094e-12
    northward_wind: 1.5173804635176648e-12
Covariance(hybrid2_ensemble) * Increment:
- Valid time: 2010-01-01T12:00:00Z
  Geometry: L40x21 [840]
  Fields:
    eastward_wind: 4.0937404061397217e+01
    northward_wind: 1.0205409373115302e+01
- Valid time: 2010-01-01T18:00:00Z
  Geometry: L40x21 [840]
  Fields:
    eastward_wind: 1.2883888925438184e+01
    northward_wind: 6.8984277253819037e+00
       Independent levels:  1[2]
          Subset Sc0 size:              762
          Domain area (% of Earth area): 0.100E+03%
             Level   1 ~> 100.0%
             Level   2 ~> 100.0%
             Level   1 ~>  0.100E+01 vert. coord.
             Level   2 ~>  0.200E+01 vert. coord.
Localization(hybrid2_ensemble_localization) diagnostics:
- Localization at zero separation:
  + Value for variable eastward_wind, subwindow 0, at (longitude, latitude, vertical index) point (0.00000, 0.00000, 1): 1.0000000000000004e+00
Localization(hybrid2_ensemble) * Increment:
- Valid time: 2010-01-01T12:00:00Z
  Geometry: L40x21 [840]
  Fields:
    eastward_wind: 2.4099462496983257e+00
    northward_wind: 2.4099462496983257e+00
- Valid time: 2010-01-01T18:00:00Z
  Geometry: L40x21 [840]
  Fields:
    eastward_wind: 2.4099462496983257e+00
    northward_wind: 2.4099462496983257e+00
