Input Dirac increment:
- Valid time: 2010-01-01T12:00:00Z
  Geometry: structured [3922]
  Fields:
  - air_horizontal_streamfunction (2 levels):
    + min    = 0.0000000000000000e+00
    + max    = 1.0000000000000000e+00
    + mean   = 1.2748597654258032e-04
    + stddev = 1.1290968804428441e-02
- xspace: LocalConfiguration[root={type => linear , start => 5.1745971254055749e+05 , end => 6.9995971254055749e+05 , N => 74 , endpoint => true}]
- yspace: LocalConfiguration[root={type => linear , start => -2.1173080099392682e+04 , end => 1.0882691990060732e+05 , N => 53 , endpoint => true}]
Outer grid size: 3922
Adjoint test for block Biperiodization passed
Inner inverse test for block Biperiodization passed: U Uinv (U x) == (U x)
Outer inverse test for block Biperiodization passed: Uinv U (Uinv x) == (Uinv x)
Adjoint test for block ID passed
Square-root test for block ID passed
Covariance(SABER) * Increment:
- Valid time: 2010-01-01T12:00:00Z
  Geometry: structured [3922]
  Fields:
  - air_horizontal_streamfunction (2 levels):
    + min    = 0.0000000000000000e+00
    + max    = 1.0000000000000000e+00
    + mean   = 1.2748597654258032e-04
    + stddev = 1.1290968804428441e-02
