Input Dirac increment:
- Valid time: 2010-01-01T12:00:00Z
  Geometry: structured [3848]
  Fields:
  - geographical_x_wind (10 levels):
    + min    = 0.0000000000000000e+00
    + max    = 0.0000000000000000e+00
  - geographical_y_wind (10 levels):
    + min    = 0.0000000000000000e+00
    + max    = 0.0000000000000000e+00
  - air_temperature (10 levels):
    + min close to zero
    + max    = 1.0000000000000000e+00
    + mean   = 2.5987525987525989e-05
    + stddev = 5.0977961892907635e-03
  - log_of_air_pressure_at_surface (1 levels):
    + min    = 0.0000000000000000e+00
    + max    = 0.0000000000000000e+00
  - water_vapor_mixing_ratio_wrt_moist_air (10 levels):
    + min    = 0.0000000000000000e+00
    + max    = 0.0000000000000000e+00
- Regional grid size: 74x52
- Cell sizes: 2.5000000000000000e+00 km x 2.5000000000000000e+00 km
- Mean latitude: 5.6289536019444682e+01 deg
- Spectral sizes: 38x27
- Truncation parameters MxN: 36x25
- Maximum total wave number: 36
- Spectral array global size: 2815
- Direct-inverse test passed
- Inverse-direct test passed
- Parseval identity test passed
- Adjoint test (forward) passed
- Adjoint test (inverse) passed
- Derivatives / direct Laplacian consistency test passed
Adjoint test for block BifourierSpectralToGrid passed
Inner inverse test for block BifourierSpectralToGrid passed: U Uinv (U x) == (U x)
Outer inverse test for block BifourierSpectralToGrid passed: Uinv U (Uinv x) == (Uinv x)
- Regional grid size: 37x26
- Cell sizes: 5.0000000000000000e+00 km x 5.0000000000000000e+00 km
- Mean latitude: 5.6280321216393915e+01 deg
- Spectral sizes: 19x14
- Truncation parameters MxN: 18x12
- Maximum total wave number: 18
- Spectral array global size: 669
- Direct-inverse test passed
- Inverse-direct test passed
- Parseval identity test passed
- Adjoint test (forward) passed
- Adjoint test (inverse) passed
- Derivatives / direct Laplacian consistency test passed
Adjoint test for block BifourierSpectralConverter passed
Skipping inverse test for block BifourierSpectralConverter
Adjoint test for block BifourierGridToSpectral passed
Inner inverse test for block BifourierGridToSpectral passed: U Uinv (U x) == (U x)
Outer inverse test for block BifourierGridToSpectral passed: Uinv U (Uinv x) == (Uinv x)
- Regional grid size: 37x26
- Cell sizes: 5.0000000000000000e+00 km x 5.0000000000000000e+00 km
- Mean latitude: 5.6280321216393915e+01 deg
- Spectral sizes: 19x14
- Truncation parameters MxN: 18x12
- Maximum total wave number: 18
- Spectral array global size: 669
- Direct-inverse test passed
- Inverse-direct test passed
- Parseval identity test passed
- Adjoint test (forward) passed
- Adjoint test (inverse) passed
- Derivatives / direct Laplacian consistency test passed
Adjoint test for block BifourierSpectralToGrid passed
Inner inverse test for block BifourierSpectralToGrid passed: U Uinv (U x) == (U x)
Outer inverse test for block BifourierSpectralToGrid passed: Uinv U (Uinv x) == (Uinv x)
Covariance norms: 
- allVars: 
  + correlation square-root: 7.4831544762747959e-01
  + standard-deviation:      3.3166247903553998e+00
Adjoint test for block BifourierCovarianceSqrt passed
Skipping inverse test for block BifourierCovarianceSqrt
- Regional grid size: 74x52
- Cell sizes: 2.5000000000000000e+00 km x 2.5000000000000000e+00 km
- Mean latitude: 5.6289536019444682e+01 deg
- Spectral sizes: 38x27
- Truncation parameters MxN: 36x25
- Maximum total wave number: 36
- Spectral array global size: 2815
- Direct-inverse test passed
- Inverse-direct test passed
- Parseval identity test passed
- Adjoint test (forward) passed
- Adjoint test (inverse) passed
- Derivatives / direct Laplacian consistency test passed
Adjoint test for block BifourierSpectralConverter passed
Skipping inverse test for block BifourierSpectralConverter
Adjoint test for block BifourierID passed
Adjoint test for the multivariate central block passed
Square-root test for block BifourierID passed
Square-root test for the multivariate central block passed
Adjoint test for block BifourierSpectralToGrid passed
Inner inverse test for block BifourierSpectralToGrid passed: U Uinv (U x) == (U x)
Outer inverse test for block BifourierSpectralToGrid passed: Uinv U (Uinv x) == (Uinv x)
Covariance norms: 
- allVars: 
  + correlation square-root: 2.8651694494963192e-01
  + standard-deviation:      3.3166247903553998e+00
Adjoint test for block BifourierCovarianceSqrt passed
Skipping inverse test for block BifourierCovarianceSqrt
Adjoint test for block BifourierSpectralConverter passed
Skipping inverse test for block BifourierSpectralConverter
Adjoint test for block BifourierID passed
Adjoint test for the multivariate central block passed
Square-root test for block BifourierID passed
Square-root test for the multivariate central block passed
Adjoint test for block Ensemble passed
Square-root test for block Ensemble passed
Covariance(SABER) * Increment:
- Valid time: 2010-01-01T12:00:00Z
  Geometry: structured [3848]
  Fields:
  - geographical_x_wind (10 levels):
    + min    = -2.0093927104685837e-03
    + max    = 3.2660267748692507e-04
    + mean   = -5.4797766329815710e-06
    + stddev = 4.6817015624321548e-05
  - geographical_y_wind (10 levels):
    + min    = -2.2326313377496639e-03
    + max    = 1.6079409768770975e-04
    + mean   = -1.4076666301468194e-06
    + stddev = 2.6801674138023097e-05
  - air_temperature (10 levels):
    + min    = -1.7107157202941147e-03
    + max    = 5.3287753477671784e-02
    + mean   = 8.5783615606885945e-05
    + stddev = 8.1626905998797802e-04
  - log_of_air_pressure_at_surface (1 levels):
    + min    = -4.7863591128084330e-07
    + max    = 2.1741643334203841e-06
    + mean   = 1.8811954861288391e-08
    + stddev = 2.8547521881451986e-07
  - water_vapor_mixing_ratio_wrt_moist_air (10 levels):
    + min    = -1.1448644366109820e-06
    + max    = 3.5210326247131607e-06
    + mean   = 1.5375230043105112e-09
    + stddev = 7.7475870788738303e-08
