Input Dirac increment:
- Valid time: 2010-01-01T12:00:00Z
  Geometry: structured [3848]
  Fields:
  - geographical_x_wind (10 levels):
    + min    = 0.0000000000000000e+00
    + max    = 0.0000000000000000e+00
  - geographical_y_wind (10 levels):
    + min    = 0.0000000000000000e+00
    + max    = 0.0000000000000000e+00
  - air_temperature (10 levels):
    + min    = 0.0000000000000000e+00
    + max    = 1.0000000000000000e+00
    + mean   = 2.5987525987525989e-05
    + stddev = 5.0977961892907635e-03
  - log_of_air_pressure_at_surface (1 levels):
    + min    = 0.0000000000000000e+00
    + max    = 0.0000000000000000e+00
  - water_vapor_mixing_ratio_wrt_moist_air (10 levels):
    + min    = 0.0000000000000000e+00
    + max    = 0.0000000000000000e+00
- Regional grid size: 74x52
- Cell sizes: 2.5000000000000000e+00 km x 2.5000000000000000e+00 km
- Mean latitude: 5.6289536019444682e+01 deg
- Spectral sizes: 38x27
- Truncation parameters MxN: 36x25
- Maximum total wave number: 36
- Spectral array global size: 2815
- Direct-inverse test passed
- Inverse-direct test passed
- Parseval identity test passed
- Adjoint test (forward) passed
- Adjoint test (inverse) passed
- Derivatives / direct Laplacian consistency test passed
- Regional grid size: 74x52
- Cell sizes: 2.5000000000000000e+00 km x 2.5000000000000000e+00 km
- Mean latitude: 5.6289536019444682e+01 deg
- Spectral sizes: 38x27
- Truncation parameters MxN: 36x25
- Maximum total wave number: 36
- Spectral array global size: 2815
- Direct-inverse test passed
- Inverse-direct test passed
- Parseval identity test passed
- Adjoint test (forward) passed
- Adjoint test (inverse) passed
- Derivatives / direct Laplacian consistency test passed
Adjoint test for block BifourierSpectralToGrid passed
Inner inverse test for block BifourierSpectralToGrid passed: U Uinv (U x) == (U x)
Outer inverse test for block BifourierSpectralToGrid passed: Uinv U (Uinv x) == (Uinv x)
Covariance norms: 
- allVars: 
  + correlation square-root: 1.3916121075881960e+00
  + standard-deviation:      3.3166247903553998e+00
Adjoint test for block BifourierCovariance passed
Adjoint test for the multivariate central block passed
Square-root test for block BifourierCovariance passed
Square-root test for the multivariate central block passed
Adjoint test for block BifourierSpectralToGrid passed
Inner inverse test for block BifourierSpectralToGrid passed: U Uinv (U x) == (U x)
Outer inverse test for block BifourierSpectralToGrid passed: Uinv U (Uinv x) == (Uinv x)
Covariance norms: 
- allVars: 
  + correlation square-root: 4.1771040073771198e-01
  + standard-deviation:      3.3166247903553998e+00
Adjoint test for block BifourierCovariance passed
Adjoint test for the multivariate central block passed
Square-root test for block BifourierCovariance passed
Square-root test for the multivariate central block passed
Adjoint test for block Ensemble passed
Square-root test for block Ensemble passed
Covariance(SABER) * Increment:
- Valid time: 2010-01-01T12:00:00Z
  Geometry: structured [3848]
  Fields:
  - geographical_x_wind (10 levels):
    + min    = -1.9586758037963888e-03
    + max    = 1.1511357311554177e-04
    + mean   = -4.5270219138598589e-06
    + stddev = 5.0600304791313211e-05
  - geographical_y_wind (10 levels):
    + min    = -2.2310679887951957e-03
    + max    = 1.6099274637335884e-04
    + mean   = -3.0678950782166893e-06
    + stddev = 2.9980132469969111e-05
  - air_temperature (10 levels):
    + min    = -8.9392691211300965e-04
    + max    = 5.4865221839354529e-02
    + mean   = 8.8922366013999938e-05
    + stddev = 9.3049928348651432e-04
  - log_of_air_pressure_at_surface (1 levels):
    + min    = -5.2195001318776050e-07
    + max    = 2.3420767029390448e-06
    + mean   = 1.5746245285978660e-07
    + stddev = 3.6249257372986301e-07
  - water_vapor_mixing_ratio_wrt_moist_air (10 levels):
    + min    = -1.4882219290116249e-06
    + max    = 3.2276310952404117e-06
    + mean   = -6.1172417321266829e-09
    + stddev = 7.7591513611845956e-08
