       Independent levels:  1[2]
          Subset Sc0 size:              762
          Domain area (% of Earth area): 0.100E+03%
             Level   1 ~> 100.0%
             Level   2 ~> 100.0%
             Level   1 ~>  0.100E+01 vert. coord.
             Level   2 ~>  0.200E+01 vert. coord.
          Norm of air_horizontal_streamfunction:  0.37743296E+02
          Norm of air_horizontal_velocity_potential:  0.35308587E+02
          Norm of air_pressure_at_surface:  0.27700809E+02
          Norm of air_horizontal_streamfunction:  0.37333358E+02
          Norm of air_horizontal_velocity_potential:  0.37633511E+02
          Norm of air_pressure_at_surface:  0.25967155E+02
          Norm of air_horizontal_streamfunction:  0.35149387E+02
          Norm of air_horizontal_velocity_potential:  0.37291010E+02
          Norm of air_pressure_at_surface:  0.25923091E+02
          Norm of air_horizontal_streamfunction:  0.38618558E+02
          Norm of air_horizontal_velocity_potential:  0.37483026E+02
          Norm of air_pressure_at_surface:  0.28464535E+02
          Norm of air_horizontal_streamfunction:  0.37272175E+02
          Norm of air_horizontal_velocity_potential:  0.35411757E+02
          Norm of air_pressure_at_surface:  0.24734198E+02
          Norm of air_horizontal_streamfunction:  0.40563427E+02
          Norm of air_horizontal_velocity_potential:  0.39689494E+02
          Norm of air_pressure_at_surface:  0.23784947E+02
          Norm of air_horizontal_streamfunction:  0.36294481E+02
          Norm of air_horizontal_velocity_potential:  0.36327300E+02
          Norm of air_pressure_at_surface:  0.28302159E+02
          Norm of air_horizontal_streamfunction:  0.42147674E+02
          Norm of air_horizontal_velocity_potential:  0.37959395E+02
          Norm of air_pressure_at_surface:  0.29505309E+02
          Norm of air_horizontal_streamfunction:  0.40101782E+02
          Norm of air_horizontal_velocity_potential:  0.42163452E+02
          Norm of air_pressure_at_surface:  0.25914360E+02
          Norm of air_horizontal_streamfunction:  0.35539739E+02
          Norm of air_horizontal_velocity_potential:  0.39354103E+02
          Norm of air_pressure_at_surface:  0.24763895E+02
          Norm of air_horizontal_streamfunction:  0.38154207E+02
          Norm of air_horizontal_velocity_potential:  0.38067171E+02
          Norm of air_pressure_at_surface:  0.26733885E+02
          Norm of air_horizontal_streamfunction:  0.39311968E+02
          Norm of air_horizontal_velocity_potential:  0.42768255E+02
          Norm of air_pressure_at_surface:  0.25976031E+02
          Norm of air_horizontal_streamfunction:  0.39724511E+02
          Norm of air_horizontal_velocity_potential:  0.42405771E+02
          Norm of air_pressure_at_surface:  0.26800948E+02
          Norm of air_horizontal_streamfunction:  0.42335247E+02
          Norm of air_horizontal_velocity_potential:  0.35305353E+02
          Norm of air_pressure_at_surface:  0.24193618E+02
          Norm of air_horizontal_streamfunction:  0.36683829E+02
          Norm of air_horizontal_velocity_potential:  0.38503801E+02
          Norm of air_pressure_at_surface:  0.26360963E+02
          Norm of air_horizontal_streamfunction:  0.39156773E+02
          Norm of air_horizontal_velocity_potential:  0.37035987E+02
          Norm of air_pressure_at_surface:  0.25823623E+02
          Norm of air_horizontal_streamfunction:  0.40919996E+02
          Norm of air_horizontal_velocity_potential:  0.39964301E+02
          Norm of air_pressure_at_surface:  0.24972472E+02
          Norm of air_horizontal_streamfunction:  0.38914076E+02
          Norm of air_horizontal_velocity_potential:  0.37238561E+02
          Norm of air_pressure_at_surface:  0.29544085E+02
          Norm of air_horizontal_streamfunction:  0.36849454E+02
          Norm of air_horizontal_velocity_potential:  0.34276084E+02
          Norm of air_pressure_at_surface:  0.27414818E+02
          Norm of air_horizontal_streamfunction:  0.39027105E+02
          Norm of air_horizontal_velocity_potential:  0.33894298E+02
          Norm of air_pressure_at_surface:  0.23768557E+02
          Norm of air_horizontal_streamfunction:  0.34259172E+02
          Norm of air_horizontal_velocity_potential:  0.38038210E+02
          Norm of air_pressure_at_surface:  0.26565740E+02
          Norm of air_horizontal_streamfunction:  0.38276157E+02
          Norm of air_horizontal_velocity_potential:  0.38176640E+02
          Norm of air_pressure_at_surface:  0.26624207E+02
          Norm of air_horizontal_streamfunction:  0.39164201E+02
          Norm of air_horizontal_velocity_potential:  0.39075383E+02
          Norm of air_pressure_at_surface:  0.28333549E+02
          Norm of air_horizontal_streamfunction:  0.40100802E+02
          Norm of air_horizontal_velocity_potential:  0.35550837E+02
          Norm of air_pressure_at_surface:  0.25267520E+02
          Norm of air_horizontal_streamfunction:  0.38918377E+02
          Norm of air_horizontal_velocity_potential:  0.35939326E+02
          Norm of air_pressure_at_surface:  0.27107168E+02
          Level   1 ~> 100.0%
          Level   2 ~> 100.0%
          Decimate full grid, at least      500 points required,     762 valid points found
          Subgrid hash:   -130003308
             -90.00 deg.  ~>100-100- 2-100-100-100-100-99-100-100 
             -45.00 deg.  ~>100-33-99-100-100-100-100-99-100-100 
               0.00 deg.  ~>100-100-91-68-100-100-100-91-100-100 
              45.00 deg.  ~>100-33-99-100-100-100-100-99-100-100 
             -90.00 deg.  ~>100-100- 2-100-100-100-100-99-100-100 
             -45.00 deg.  ~>100-33-99-100-100-100-100-99-100-100 
               0.00 deg.  ~>100-100-91-68-100-100-100-91-100-100 
              45.00 deg.  ~>100-33-99-100-100-100-100-99-100-100 
          nc1 =      500
          Independent levels:  1[2]
          Independent levels for angular sector   1 / class   1:  1[2]
          Independent levels for angular sector   1 / class   2:  1[2]
          Independent levels for angular sector   1 / class   3:  1[2]
          Independent levels for angular sector   1 / class   4:  1[2]
          Independent levels for angular sector   1 / class   5:  1[2]
          Independent levels for angular sector   1 / class   6:  1[2]
          Independent levels for angular sector   1 / class   7:  1[2]
          Independent levels for angular sector   1 / class   8:  1[2]
          Independent levels for angular sector   1 / class   9:  1[2]
          Independent levels for angular sector   1 / class  10:  1[2]
          Independent levels for angular sector   2 / class   1:  1[2]
          Independent levels for angular sector   2 / class   2:  1[2]
          Independent levels for angular sector   2 / class   3:  1[2]
          Independent levels for angular sector   2 / class   4:  1[2]
          Independent levels for angular sector   2 / class   5:  1[2]
          Independent levels for angular sector   2 / class   6:  1[2]
          Independent levels for angular sector   2 / class   7:  1[2]
          Independent levels for angular sector   2 / class   8:  1[2]
          Independent levels for angular sector   2 / class   9:  1[2]
          Independent levels for angular sector   2 / class  10:  1[2]
          Independent levels for angular sector   3 / class   1:  1[2]
          Independent levels for angular sector   3 / class   2:  1[2]
          Independent levels for angular sector   3 / class   3:  1[2]
          Independent levels for angular sector   3 / class   4:  1[2]
          Independent levels for angular sector   3 / class   5:  1[2]
          Independent levels for angular sector   3 / class   6:  1[2]
          Independent levels for angular sector   3 / class   7:  1[2]
          Independent levels for angular sector   3 / class   8:  1[2]
          Independent levels for angular sector   3 / class   9:  1[2]
          Independent levels for angular sector   3 / class  10:  1[2]
          Independent levels for angular sector   4 / class   1:  1[2]
          Independent levels for angular sector   4 / class   2:  1[2]
          Independent levels for angular sector   4 / class   3:  1[2]
          Independent levels for angular sector   4 / class   4:  1[2]
          Independent levels for angular sector   4 / class   5:  1[2]
          Independent levels for angular sector   4 / class   6:  1[2]
          Independent levels for angular sector   4 / class   7:  1[2]
          Independent levels for angular sector   4 / class   8:  1[2]
          Independent levels for angular sector   4 / class   9:  1[2]
          Independent levels for angular sector   4 / class  10:  1[2]
                Level:   1 ~> cov. at class zero:  0.98E+00
                Level:   2 ~> cov. at class zero:  0.10E+01
                Level:   1 ~> cov. at class zero:  0.97E+00
                Level:   2 ~> cov. at class zero:  0.10E+01
             Block group 1:  0.17708351E+00 for      160 diagnostic points
             Block group 2:  0.19077247E+00 for      160 diagnostic points
                   Level:   1 ~> amplitude:        1.00
                                 cor. hor. support:      3460.96 km
                                 cor. ver. support:         3.21 vertical units
                   Level:   2 ~> amplitude:        1.00
                                 cor. hor. support:      3617.11 km
                                 cor. ver. support:         3.21 vertical units
                   Level:   1 ~> amplitude:        1.00
                                 cor. hor. support:      3751.96 km
                                 cor. ver. support:         3.17 vertical units
                   Level:   2 ~> amplitude:        1.00
                                 cor. hor. support:      3505.83 km
                                 cor. ver. support:         3.17 vertical units
             Block group 1:  0.26447437E+00 for      114 diagnostic points
             Block group 2:  0.27722208E+00 for      127 diagnostic points
                Level:   1 ~> loc. at class zero:       0.92
                Level:   2 ~> loc. at class zero:       0.92
                   Level:   1 ~> amplitude:        1.00
                                 loc. hor. support:      5258.60 km
                                 loc. ver. support:         6.03 vertical units
                   Level:   2 ~> amplitude:        1.00
                                 loc. hor. support:      5503.22 km
                                 loc. ver. support:         6.04 vertical units
                Level:   1 ~> loc. at class zero:       0.92
                Level:   2 ~> loc. at class zero:       0.92
                   Level:   1 ~> amplitude:        1.00
                                 loc. hor. support:      5873.49 km
                                 loc. ver. support:         6.06 vertical units
                   Level:   2 ~> amplitude:        1.00
                                 loc. hor. support:      5309.03 km
                                 loc. ver. support:         6.06 vertical units
Norm of output parameter loc_rh - 1: 3.5291776610262764e+08
Norm of output parameter loc_rv - 1: 3.9182575007367632e+02
