       Independent levels:  1[2]
          Subset Sc0 size:              762
          Domain area (% of Earth area): 0.100E+03%
             Level   1 ~> 100.0%
             Level   2 ~> 100.0%
             Level   1 ~>  0.100E+01 vert. coord.
             Level   2 ~>  0.200E+01 vert. coord.
          Norm of air_horizontal_streamfunction:  0.38240483E+02
          Norm of air_horizontal_velocity_potential:  0.38907460E+02
          Norm of air_horizontal_streamfunction:  0.34194720E+02
          Norm of air_horizontal_velocity_potential:  0.41516429E+02
          Norm of air_horizontal_streamfunction:  0.37173298E+02
          Norm of air_horizontal_velocity_potential:  0.41501025E+02
          Norm of air_horizontal_streamfunction:  0.35631593E+02
          Norm of air_horizontal_velocity_potential:  0.36152785E+02
          Norm of air_horizontal_streamfunction:  0.38056264E+02
          Norm of air_horizontal_velocity_potential:  0.36216900E+02
          Norm of air_horizontal_streamfunction:  0.37926711E+02
          Norm of air_horizontal_velocity_potential:  0.39772836E+02
          Norm of air_horizontal_streamfunction:  0.38927577E+02
          Norm of air_horizontal_velocity_potential:  0.36285497E+02
          Norm of air_horizontal_streamfunction:  0.38596615E+02
          Norm of air_horizontal_velocity_potential:  0.35612117E+02
          Norm of air_horizontal_streamfunction:  0.33902222E+02
          Norm of air_horizontal_velocity_potential:  0.34108020E+02
          Norm of air_horizontal_streamfunction:  0.36461772E+02
          Norm of air_horizontal_velocity_potential:  0.32434755E+02
          Level   1 ~> 100.0%
          Level   2 ~> 100.0%
          Subgrid hash:   1534185147
          Subgrid hash:  -1087386156
          nc1 =      520
          nc2 =      280
          Independent levels:  1[2]
       Vertical balance direct/inverse test result:  T
       Vertical balance inverse/direct test result:  T
       Vertical balance direct/inverse (adjoint) test result:  T
       Vertical balance inverse/direct (adjoint) test result:  T
       Vertical balance block air_horizontal_streamfunction-air_horizontal_velocity_potential adjoint test result:  T
       Vertical balance direct adjoint test results:  T
       Vertical balance inverse adjoint test results: T
Norm of output parameter dirac_vbal - 1: 1.0000000000000000e+00
Norm of ensemble member 0: 5.5498229662739220e+01
Norm of ensemble member 1: 5.8975639630882633e+01
Norm of ensemble member 2: 5.7259785230534568e+01
Norm of ensemble member 3: 5.3377340575833678e+01
Norm of ensemble member 4: 5.4564356966672364e+01
Norm of ensemble member 5: 5.7810523098708572e+01
Norm of ensemble member 6: 5.8986005920529671e+01
Norm of ensemble member 7: 5.4212474724182925e+01
Norm of ensemble member 8: 4.9604539352729596e+01
Norm of ensemble member 9: 5.1492627168221418e+01
