       Independent levels:  1[1]
          Subset Sc0 size:              762
          Domain area (% of Earth area): 0.100E+03%
             Level   1 ~> 100.0%
             Level   1 ~>  0.100E+01 vert. coord.
             Effective levels:   1 
                Horizontal support radius:    4000.00 km (   4000.00 km -    4000.00 km)
                Estimated nc1 from horizontal support radius:      589
                   Decimate full grid, at least      589 points required,     762 valid points found
                   Subgrid hash:   1676590011
                Final nc1:      589
                Effective horizontal resolution:  4.00
             nc1(  1) =                        589
             ns =                              589
             v%n_s =                             1
             c%n_s[global] =                  7447
       Independent levels:  1[1]
          Subset Sc0 size:              762
          Domain area (% of Earth area): 0.100E+03%
             Level   1 ~> 100.0%
             Level   1 ~>  0.100E+01 vert. coord.
             Effective levels:   1 
                Horizontal support radius:    4000.00 km (   4000.00 km -    4000.00 km)
                Estimated nc1 from horizontal support radius:      589
                   Decimate full grid, at least      589 points required,     762 valid points found
                   Subgrid hash:   1676590011
                Final nc1:      589
                Effective horizontal resolution:  4.00
             nc1(  1) =                        589
             ns =                              589
             v%n_s =                             1
             c%n_s[global] =                  7447
       Independent levels:  1[1]
          Subset Sc0 size:              762
          Domain area (% of Earth area): 0.100E+03%
             Level   1 ~> 100.0%
             Level   1 ~>  0.100E+01 vert. coord.
             Effective levels:   1 
                Horizontal support radius:    4000.00 km (   4000.00 km -    4000.00 km)
                Estimated nc1 from horizontal support radius:      589
                   Decimate full grid, at least      589 points required,     762 valid points found
                   Subgrid hash:   1676590011
                Final nc1:      589
                Effective horizontal resolution:  4.00
             nc1(  1) =                        589
             ns =                              589
             v%n_s =                             1
             c%n_s[global] =                  7447
       Independent levels:  1[1]
          Subset Sc0 size:              762
          Domain area (% of Earth area): 0.100E+03%
             Level   1 ~> 100.0%
             Level   1 ~>  0.100E+01 vert. coord.
             Effective levels:   1 
                Horizontal support radius:    4000.00 km (   4000.00 km -    4000.00 km)
                Estimated nc1 from horizontal support radius:      589
                   Decimate full grid, at least      589 points required,     762 valid points found
                   Subgrid hash:   1676590011
                Final nc1:      589
                Effective horizontal resolution:  4.00
             nc1(  1) =                        589
             ns =                              589
             v%n_s =                             1
             c%n_s[global] =                  7447
       Independent levels:  1[1]
          Subset Sc0 size:              762
          Domain area (% of Earth area): 0.100E+03%
             Level   1 ~> 100.0%
             Level   1 ~>  0.100E+01 vert. coord.
             Effective levels:   1 
                Horizontal support radius:    4000.00 km (   4000.00 km -    4000.00 km)
                Estimated nc1 from horizontal support radius:      589
                   Decimate full grid, at least      589 points required,     762 valid points found
                   Subgrid hash:   1676590011
                Final nc1:      589
                Effective horizontal resolution:  4.00
             nc1(  1) =                        589
             ns =                              589
             v%n_s =                             1
             c%n_s[global] =                  7447
       Independent levels:  1[1]
          Subset Sc0 size:              762
          Domain area (% of Earth area): 0.100E+03%
             Level   1 ~> 100.0%
             Level   1 ~>  0.100E+01 vert. coord.
             Effective levels:   1 
                Horizontal support radius:    4000.00 km (   4000.00 km -    4000.00 km)
                Estimated nc1 from horizontal support radius:      589
                   Decimate full grid, at least      589 points required,     762 valid points found
                   Subgrid hash:   1676590011
                Final nc1:      589
                Effective horizontal resolution:  4.00
             nc1(  1) =                        589
             ns =                              589
             v%n_s =                             1
             c%n_s[global] =                  7447
       Independent levels:  1[1]
          Subset Sc0 size:              762
          Domain area (% of Earth area): 0.100E+03%
             Level   1 ~> 100.0%
             Level   1 ~>  0.100E+01 vert. coord.
             Effective levels:   1 
                Horizontal support radius:    4000.00 km (   4000.00 km -    4000.00 km)
                Estimated nc1 from horizontal support radius:      589
                   Decimate full grid, at least      589 points required,     762 valid points found
                   Subgrid hash:   1676590011
                Final nc1:      589
                Effective horizontal resolution:  4.00
             nc1(  1) =                        589
             ns =                              589
             v%n_s =                             1
             c%n_s[global] =                  7447
       Independent levels:  1[1]
          Subset Sc0 size:              762
          Domain area (% of Earth area): 0.100E+03%
             Level   1 ~> 100.0%
             Level   1 ~>  0.100E+01 vert. coord.
             Effective levels:   1 
                Horizontal support radius:    4000.00 km (   4000.00 km -    4000.00 km)
                Estimated nc1 from horizontal support radius:      589
                   Decimate full grid, at least      589 points required,     762 valid points found
                   Subgrid hash:   1676590011
                Final nc1:      589
                Effective horizontal resolution:  4.00
             nc1(  1) =                        589
             ns =                              589
             v%n_s =                             1
             c%n_s[global] =                  7447
       Independent levels:  1[1]
          Subset Sc0 size:              762
          Domain area (% of Earth area): 0.100E+03%
             Level   1 ~> 100.0%
             Level   1 ~>  0.100E+01 vert. coord.
             Effective levels:   1 
                Horizontal support radius:    4000.00 km (   4000.00 km -    4000.00 km)
                Estimated nc1 from horizontal support radius:      589
                   Decimate full grid, at least      589 points required,     762 valid points found
                   Subgrid hash:   1676590011
                Final nc1:      589
                Effective horizontal resolution:  4.00
             nc1(  1) =                        589
             ns =                              589
             v%n_s =                             1
             c%n_s[global] =                  7447
       Independent levels:  1[1]
          Subset Sc0 size:              762
          Domain area (% of Earth area): 0.100E+03%
             Level   1 ~> 100.0%
             Level   1 ~>  0.100E+01 vert. coord.
             Effective levels:   1 
                Horizontal support radius:    4000.00 km (   4000.00 km -    4000.00 km)
                Estimated nc1 from horizontal support radius:      589
                   Decimate full grid, at least      589 points required,     762 valid points found
                   Subgrid hash:   1676590011
                Final nc1:      589
                Effective horizontal resolution:  4.00
             nc1(  1) =                        589
             ns =                              589
             v%n_s =                             1
             c%n_s[global] =                  7447
