       Independent levels:  1[4]
          Subset Sc0 size:             3170
          Domain area (% of Earth area): 0.100E+03%
             Level   1 ~> 100.0%
             Level   2 ~> 100.0%
             Level   3 ~> 100.0%
             Level   4 ~> 100.0%
             Level   1 ~> -0.100E+01 vert. coord.
             Level   2 ~> -0.500E+01 vert. coord.
             Level   3 ~> -0.900E+01 vert. coord.
             Level   4 ~> -0.110E+02 vert. coord.
       Independent levels:  1[1]
          Subset Sc0 size:             3170
          Domain area (% of Earth area): 0.100E+03%
             Level   1 ~> 100.0%
             Level   1 ~>  0.100E+01 vert. coord.
             Effective levels:   1   2   3   4 
                   Requested distance between points (min/max/avg):  0.992E+03 km /  0.132E+04 km /  0.115E+04 km
                   Regular sampling grid size:     3640 points
                   Nearest neighbor distance (min/max/avg):  0.867E+03 km /  0.162E+04 km /  0.119E+04 km
                   Effective resolution (min/max/avg):  5.62 /  8.47 /  7.16
                   Subgrid hash:  -1143243224
                Subgrid size:      257
                   Requested distance between points (min/max/avg):  0.824E+03 km /  0.109E+04 km /  0.925E+03 km
                   Regular sampling grid size:     5248 points
