       Independent levels:  1[2]
          Subset Sc0 size:              762
          Domain area (% of Earth area): 0.100E+03%
             Level   1 ~> 100.0%
             Level   2 ~> 100.0%
             Level   1 ~>  0.100E+01 vert. coord.
             Level   2 ~>  0.200E+01 vert. coord.
          Level   1 ~> 100.0%
          Level   2 ~> 100.0%
          Subgrid hash:   1534185147
             -90.00 deg.  ~>100-100- 7-100-100-100-100-100-100-100 
             -45.00 deg.  ~>100-40-100-100-100-100-100-100-100-100 
               0.00 deg.  ~>100-100-100-69-100-100-100-100-100-100 
              45.00 deg.  ~>100-40-100-100-100-100-100-100-100-100 
             -90.00 deg.  ~>100-100- 7-100-100-100-100-100-100-100 
             -45.00 deg.  ~>100-40-100-100-100-100-100-100-100-100 
               0.00 deg.  ~>100-100-100-69-100-100-100-100-100-100 
              45.00 deg.  ~>100-40-100-100-100-100-100-100-100-100 
          nc1 =      520
          nc2 =      250
          Independent levels:  1[2]
          Independent levels for angular sector   1 / class   1:  1[2]
          Independent levels for angular sector   1 / class   2:  1[2]
          Independent levels for angular sector   1 / class   3:  1[2]
          Independent levels for angular sector   1 / class   4:  1[2]
          Independent levels for angular sector   1 / class   5:  1[2]
          Independent levels for angular sector   1 / class   6:  1[2]
          Independent levels for angular sector   1 / class   7:  1[2]
          Independent levels for angular sector   1 / class   8:  1[2]
          Independent levels for angular sector   1 / class   9:  1[2]
          Independent levels for angular sector   1 / class  10:  1[2]
          Independent levels for angular sector   2 / class   1:  1[2]
          Independent levels for angular sector   2 / class   2:  1[2]
          Independent levels for angular sector   2 / class   3:  1[2]
          Independent levels for angular sector   2 / class   4:  1[2]
          Independent levels for angular sector   2 / class   5:  1[2]
          Independent levels for angular sector   2 / class   6:  1[2]
          Independent levels for angular sector   2 / class   7:  1[2]
          Independent levels for angular sector   2 / class   8:  1[2]
          Independent levels for angular sector   2 / class   9:  1[2]
          Independent levels for angular sector   2 / class  10:  1[2]
          Independent levels for angular sector   3 / class   1:  1[2]
          Independent levels for angular sector   3 / class   2:  1[2]
          Independent levels for angular sector   3 / class   3:  1[2]
          Independent levels for angular sector   3 / class   4:  1[2]
          Independent levels for angular sector   3 / class   5:  1[2]
          Independent levels for angular sector   3 / class   6:  1[2]
          Independent levels for angular sector   3 / class   7:  1[2]
          Independent levels for angular sector   3 / class   8:  1[2]
          Independent levels for angular sector   3 / class   9:  1[2]
          Independent levels for angular sector   3 / class  10:  1[2]
          Independent levels for angular sector   4 / class   1:  1[2]
          Independent levels for angular sector   4 / class   2:  1[2]
          Independent levels for angular sector   4 / class   3:  1[2]
          Independent levels for angular sector   4 / class   4:  1[2]
          Independent levels for angular sector   4 / class   5:  1[2]
          Independent levels for angular sector   4 / class   6:  1[2]
          Independent levels for angular sector   4 / class   7:  1[2]
          Independent levels for angular sector   4 / class   8:  1[2]
          Independent levels for angular sector   4 / class   9:  1[2]
          Independent levels for angular sector   4 / class  10:  1[2]
                Level:   1 ~> cov. at class zero:  0.99E+00
                Level:   2 ~> cov. at class zero:  0.10E+01
             Block common:  0.17894756E+00 for    38632 diagnostic points
                   Level:   1 ~> amplitude:        0.79
                                 cor. hor. support:      4329.39 km
                                 cor. ver. support:         4.40 vertical units
                   Level:   2 ~> amplitude:        0.79
                                 cor. hor. support:      4246.76 km
                                 cor. ver. support:         4.35 vertical units
                   Level:   1 ~> amplitude:        0.21
                                 cor. hor. support:      2434.60 km
                                 cor. ver. support:         0.44 vertical units
                   Level:   2 ~> amplitude:        0.21
                                 cor. hor. support:      2388.13 km
                                 cor. ver. support:         0.44 vertical units
             Block common:  0.32000999E+00 for    31555 diagnostic points
                Level:   1 ~> loc. at class zero:       0.92
                Level:   2 ~> loc. at class zero:       0.92
                   Level:   1 ~> amplitude:        1.00
                                 loc. hor. support:      5927.86 km
                                 loc. ver. support:         6.14 vertical units
                   Level:   2 ~> amplitude:        1.00
                                 loc. hor. support:      5794.50 km
                                 loc. ver. support:         6.14 vertical units
                   Level:   1 ~> amplitude:        0.00
                                 loc. hor. support:      5927.86 km
                                 loc. ver. support:         6.14 vertical units
                   Level:   2 ~> amplitude:        0.00
                                 loc. hor. support:      5794.50 km
                                 loc. ver. support:         6.14 vertical units
Norm of output parameter loc_a - 1: 5.7965506984757752e+01
Norm of output parameter loc_a - 2: 0.0000000000000000e+00
Norm of output parameter loc_rh1 - 1: 3.4071756970641798e+08
Norm of output parameter loc_rh1 - 2: 3.3332238436744303e+08
Norm of output parameter loc_rh2 - 1: 4.0872483877266592e+08
Norm of output parameter loc_rh2 - 2: 3.9767043704159713e+08
Norm of output parameter loc_rhc - 1: 7.3474196937079830e+00
Norm of output parameter loc_rhc - 2: 7.3474196937079830e+00
Norm of output parameter loc_rh - 1: 3.6842566346488887e+08
Norm of output parameter loc_rh - 2: 3.5972968025861448e+08
Norm of output parameter loc_rv - 1: 3.6593912629127220e+02
Norm of output parameter loc_rv - 2: 3.4546500135742036e+02
