       Independent levels:  1[2]
          Subset Sc0 size:              875
          Domain area (% of Earth area): 0.615E+01%
             Level   1 ~> 100.0%
             Level   2 ~> 100.0%
             Level   1 ~>  0.100E+01 vert. coord.
             Level   2 ~>  0.200E+01 vert. coord.
             Effective levels:   1   2 
                   Requested distance between points (min/max/avg):  0.139E+03 km /  0.139E+03 km /  0.139E+03 km
