       Independent levels:  1[2]
          Subset Sc0 size:              762
          Domain area (% of Earth area): 0.100E+03%
             Level   1 ~> 100.0%
             Level   2 ~> 100.0%
             Level   1 ~>  0.100E+01 vert. coord.
             Level   2 ~>  0.200E+01 vert. coord.
          nc1 =      520
          nc2 =      283
          Independent levels:  1[2]
          Independent levels for angular sector   1 / class   1:  1[2]
          Independent levels for angular sector   1 / class   2:  1[2]
          Independent levels for angular sector   1 / class   3:  1[2]
          Independent levels for angular sector   1 / class   4:  1[2]
          Independent levels for angular sector   1 / class   5:  1[2]
          Independent levels for angular sector   1 / class   6:  1[2]
          Independent levels for angular sector   1 / class   7:  1[2]
          Independent levels for angular sector   1 / class   8:  1[2]
          Independent levels for angular sector   1 / class   9:  1[2]
          Independent levels for angular sector   1 / class  10:  1[2]
          Independent levels for angular sector   2 / class   1:  1[2]
          Independent levels for angular sector   2 / class   2:  1[2]
          Independent levels for angular sector   2 / class   3:  1[2]
          Independent levels for angular sector   2 / class   4:  1[2]
          Independent levels for angular sector   2 / class   5:  1[2]
          Independent levels for angular sector   2 / class   6:  1[2]
          Independent levels for angular sector   2 / class   7:  1[2]
          Independent levels for angular sector   2 / class   8:  1[2]
          Independent levels for angular sector   2 / class   9:  1[2]
          Independent levels for angular sector   2 / class  10:  1[2]
          Independent levels for angular sector   3 / class   1:  1[2]
          Independent levels for angular sector   3 / class   2:  1[2]
          Independent levels for angular sector   3 / class   3:  1[2]
          Independent levels for angular sector   3 / class   4:  1[2]
          Independent levels for angular sector   3 / class   5:  1[2]
          Independent levels for angular sector   3 / class   6:  1[2]
          Independent levels for angular sector   3 / class   7:  1[2]
          Independent levels for angular sector   3 / class   8:  1[2]
          Independent levels for angular sector   3 / class   9:  1[2]
          Independent levels for angular sector   3 / class  10:  1[2]
          Independent levels for angular sector   4 / class   1:  1[2]
          Independent levels for angular sector   4 / class   2:  1[2]
          Independent levels for angular sector   4 / class   3:  1[2]
          Independent levels for angular sector   4 / class   4:  1[2]
          Independent levels for angular sector   4 / class   5:  1[2]
          Independent levels for angular sector   4 / class   6:  1[2]
          Independent levels for angular sector   4 / class   7:  1[2]
          Independent levels for angular sector   4 / class   8:  1[2]
          Independent levels for angular sector   4 / class   9:  1[2]
          Independent levels for angular sector   4 / class  10:  1[2]
                Level:   1 ~> cov. at class zero:  0.10E+01
                Level:   2 ~> cov. at class zero:  0.99E+00
                Level:   1 ~> cov. at class zero:  0.93E+00
             Block air_horizontal_streamfunction:  0.31821118E+00 for    43080 diagnostic points
             Block air_pressure_at_surface:  0.31023713E+00 for    10770 diagnostic points
                   Level:   1 ~> amplitude:        0.74
                                 cor. hor. support:      4625.56 km
                                 cor. ver. support:         4.76 vertical units
                   Level:   2 ~> amplitude:        0.77
                                 cor. hor. support:      4547.65 km
                                 cor. ver. support:         4.32 vertical units
                   Level:   1 ~> amplitude:        0.26
                                 cor. hor. support:      2601.14 km
                                 cor. ver. support:         0.48 vertical units
                   Level:   2 ~> amplitude:        0.23
                                 cor. hor. support:      2557.33 km
                                 cor. ver. support:         0.43 vertical units
                   Level:   1 ~> amplitude:        0.75
                                 cor. hor. support:      4141.72 km
                                 cor. ver. support:         0.00 vertical units
                   Level:   1 ~> amplitude:        0.25
                                 cor. hor. support:      2431.35 km
                                 cor. ver. support:         0.00 vertical units
Norm of output parameter cor_a - 1: 4.1011111818224315e+01
Norm of output parameter cor_a - 2: 9.4777806945913277e+00
Norm of output parameter cor_rh1 - 1: 2.1082638815167856e+08
Norm of output parameter cor_rh1 - 2: 1.9100259675814915e+08
Norm of output parameter cor_rh2 - 1: 2.4411282837695774e+08
Norm of output parameter cor_rh2 - 2: 2.1604005122911862e+08
Norm of output parameter cor_rhc - 1: 4.5088139275399053e+00
Norm of output parameter cor_rhc - 2: 4.5088139275399053e+00
Norm of output parameter cor_rh - 1: 2.2479201669631889e+08
Norm of output parameter cor_rh - 2: 2.0159586316375744e+08
Norm of output parameter cor_rv - 1: 1.4066546919189435e+02
Norm of output parameter cor_rv - 2: 4.3329778871702970e+01
