       Independent levels:  1[2]
          Subset Sc0 size:             1106
          Domain area (% of Earth area): 0.100E+03%
             Level   1 ~> 100.0%
             Level   2 ~> 100.0%
             Level   1 ~>  0.100E+01 vert. coord.
             Level   2 ~>  0.200E+01 vert. coord.
          Norm of air_horizontal_streamfunction:  0.46640022E+02
          Norm of air_horizontal_streamfunction:  0.44800579E+02
          Norm of air_horizontal_streamfunction:  0.49257910E+02
          Norm of air_horizontal_streamfunction:  0.43232722E+02
          Norm of air_horizontal_streamfunction:  0.43688330E+02
          Norm of air_horizontal_streamfunction:  0.39461909E+02
          Norm of air_horizontal_streamfunction:  0.41828911E+02
          Norm of air_horizontal_streamfunction:  0.46594695E+02
          Norm of air_horizontal_streamfunction:  0.40989816E+02
          Norm of air_horizontal_streamfunction:  0.47144763E+02
          Level   1 ~> 100.0%
          Level   2 ~> 100.0%
          Subgrid hash:  -1366971213
             -90.00 deg.  ~>100-100-100-100-100-100-100-100-100-100-100-100-100-100-100 
             -90.00 deg.  ~>100-100-100-100-100-100-100-100-100-100-100-100-100-100-100 
          nc1 =      544
          Independent levels:  1[2]
          Independent levels for angular sector   1 / class   1:  1[2]
          Independent levels for angular sector   1 / class   2:  1[2]
          Independent levels for angular sector   1 / class   3:  1[2]
          Independent levels for angular sector   1 / class   4:  1[2]
          Independent levels for angular sector   1 / class   5:  1[2]
          Independent levels for angular sector   1 / class   6:  1[2]
          Independent levels for angular sector   1 / class   7:  1[2]
          Independent levels for angular sector   1 / class   8:  1[2]
          Independent levels for angular sector   1 / class   9:  1[2]
          Independent levels for angular sector   1 / class  10:  1[2]
          Independent levels for angular sector   1 / class  11:  1[2]
          Independent levels for angular sector   1 / class  12:  1[2]
          Independent levels for angular sector   1 / class  13:  1[2]
          Independent levels for angular sector   1 / class  14:  1[2]
          Independent levels for angular sector   1 / class  15:  1[2]
                Level:   1 ~> cov. at class zero:  0.96E+00
                Level:   2 ~> cov. at class zero:  0.95E+00
             Block air_horizontal_streamfunction:  0.16395978E+00 for       60 diagnostic points
                   Level:   1 ~> amplitude:        1.00
                                 cor. hor. support:      4512.14 km
                                 cor. ver. support:         3.12 vertical units
                   Level:   2 ~> amplitude:        1.00
                                 cor. hor. support:      4320.11 km
                                 cor. ver. support:         3.12 vertical units
             Block air_horizontal_streamfunction:  0.21807315E+00 for       40 diagnostic points
                Level:   1 ~> loc. at class zero:       0.83
                Level:   2 ~> loc. at class zero:       0.83
                   Level:   1 ~> amplitude:        1.00
                                 loc. hor. support:      5776.56 km
                                 loc. ver. support:         4.17 vertical units
                   Level:   2 ~> amplitude:        1.00
                                 loc. hor. support:      5433.35 km
                                 loc. ver. support:         4.17 vertical units
                Level:   1 ~> hybrid coefficients: 0.59 / 0.39
                Level:   2 ~> hybrid coefficients: 0.58 / 0.42
Norm of output parameter loc_rh - 1: 2.6373529638225096e+08
Norm of output parameter loc_rv - 1: 1.9605475146722972e+02
Norm of output parameter hyb_coef_1 - 1: 2.7508384443095572e+01
Norm of output parameter hyb_coef_2 - 1: 1.9045718046702543e+01
