       Independent levels:  1[2]
          Subset Sc0 size:              762
          Domain area (% of Earth area): 0.100E+03%
             Level   1 ~> 100.0%
             Level   2 ~> 100.0%
             Level   1 ~>  0.100E+01 vert. coord.
             Level   2 ~>  0.200E+01 vert. coord.
Norm of input parameter var - 1: 5.9910568182581493e+01
Norm of input parameter m4 - 1: 1.9449794103622122e+02
                Level   1: rhflt =    6875.00 km, rel. diff. =  0.37806E-02
                Level   2: rhflt =   80000.00 km, rel. diff. =  0.23934E-01
                Level   1: rhflt =    5500.00 km, rel. diff. = -0.67636E-03
                Level   2: rhflt =   64000.00 km, rel. diff. =  0.23074E-01
             Level   1 ~>  0.10331E+01 /  0.10331E+01
             Level   2 ~>  0.10294E+01 /  0.10294E+01
             Level   1 ~>  0.10132E+01 /  0.10132E+01
             Level   2 ~>  0.10588E+01 /  0.10588E+01
Norm of output parameter stddev - 1: 5.6105437829623526e+01
