       Independent levels:  1[2]
          Subset Sc0 size:             1106
          Domain area (% of Earth area): 0.100E+03%
             Level   1 ~> 100.0%
             Level   2 ~> 100.0%
             Level   1 ~>  0.100E+01 vert. coord.
             Level   2 ~>  0.200E+01 vert. coord.
       Independent levels:  1[2]
          Subset Sc0 size:              762
          Domain area (% of Earth area): 0.100E+03%
             Level   1 ~> 100.0%
             Level   2 ~> 100.0%
             Level   1 ~>  0.100E+01 vert. coord.
             Level   2 ~>  0.200E+01 vert. coord.
          nc1 =      544
          Independent levels:  1[2]
          Independent levels for angular sector   1 / class   1:  1[2]
          Independent levels for angular sector   1 / class   2:  1[2]
          Independent levels for angular sector   1 / class   3:  1[2]
          Independent levels for angular sector   1 / class   4:  1[2]
          Independent levels for angular sector   1 / class   5:  1[2]
          Independent levels for angular sector   1 / class   6:  1[2]
          Independent levels for angular sector   1 / class   7:  1[2]
          Independent levels for angular sector   1 / class   8:  1[2]
          Independent levels for angular sector   1 / class   9:  1[2]
          Independent levels for angular sector   1 / class  10:  1[2]
          Independent levels for angular sector   1 / class  11:  1[2]
          Independent levels for angular sector   1 / class  12:  1[2]
          Independent levels for angular sector   1 / class  13:  1[2]
          Independent levels for angular sector   1 / class  14:  1[2]
          Independent levels for angular sector   1 / class  15:  1[2]
          nc1 =      544
          Independent levels:  1[2]
          Independent levels for angular sector   1 / class   1:  1[2]
          Independent levels for angular sector   1 / class   2:  1[2]
          Independent levels for angular sector   1 / class   3:  1[2]
          Independent levels for angular sector   1 / class   4:  1[2]
          Independent levels for angular sector   1 / class   5:  1[2]
          Independent levels for angular sector   1 / class   6:  1[2]
          Independent levels for angular sector   1 / class   7:  1[2]
          Independent levels for angular sector   1 / class   8:  1[2]
          Independent levels for angular sector   1 / class   9:  1[2]
          Independent levels for angular sector   1 / class  10:  1[2]
          Independent levels for angular sector   1 / class  11:  1[2]
          Independent levels for angular sector   1 / class  12:  1[2]
          Independent levels for angular sector   1 / class  13:  1[2]
          Independent levels for angular sector   1 / class  14:  1[2]
          Independent levels for angular sector   1 / class  15:  1[2]
                Level:   1 ~> cov. at class zero:  0.10E+01
                Level:   2 ~> cov. at class zero:  0.98E+00
                Level:   1 ~> cov. at class zero:  0.98E+00
                Level:   2 ~> cov. at class zero:  0.96E+00
             Block air_horizontal_streamfunction:  0.16699575E+00 for       60 diagnostic points
                   Level:   1 ~> amplitude:        1.00
                                 cor. hor. support:      3963.52 km
                                 cor. ver. support:         3.20 vertical units
                   Level:   2 ~> amplitude:        1.00
                                 cor. hor. support:      3789.65 km
                                 cor. ver. support:         3.20 vertical units
             Block air_horizontal_streamfunction:  0.16495954E+00 for       60 diagnostic points
                   Level:   1 ~> amplitude:        1.00
                                 cor. hor. support:      3939.26 km
                                 cor. ver. support:         3.13 vertical units
                   Level:   2 ~> amplitude:        1.00
                                 cor. hor. support:      3742.35 km
                                 cor. ver. support:         3.13 vertical units
             Block air_horizontal_streamfunction:  0.24442844E+00 for       36 diagnostic points
                Level:   1 ~> loc. at class zero:       0.81
                Level:   2 ~> loc. at class zero:       0.82
                   Level:   1 ~> amplitude:        1.00
                                 loc. hor. support:      4981.61 km
                                 loc. ver. support:         3.90 vertical units
                   Level:   2 ~> amplitude:        1.00
                                 loc. hor. support:      4715.10 km
                                 loc. ver. support:         3.90 vertical units
             Block air_horizontal_streamfunction:  0.27091458E+00 for       43 diagnostic points
                Level:   1 ~> loc. at class zero:       0.92
                Level:   2 ~> loc. at class zero:       0.93
                   Level:   1 ~> amplitude:        1.00
                                 loc. hor. support:      6016.84 km
                                 loc. ver. support:         6.13 vertical units
                   Level:   2 ~> amplitude:        1.00
                                 loc. hor. support:      6019.64 km
                                 loc. ver. support:         6.13 vertical units
                Level:   1 ~> hybrid coefficients: 0.52 / 0.50
                Level:   2 ~> hybrid coefficients: 0.50 / 0.51
             Effective levels:   1   2 
                   Requested distance between points (min/max/avg):  0.690E+03 km /  0.690E+03 km /  0.690E+03 km
                   Regular sampling grid size:      760 points
                   Nearest neighbor distance (min/max/avg):  0.233E+03 km /  0.782E+03 km /  0.688E+03 km
                   Effective resolution (min/max/avg):  6.37 / 21.35 /  7.89
                   Subgrid hash:   1497432802
                Subgrid size:      760
                   Requested distance between points (min/max/avg):  0.654E+03 km /  0.654E+03 km /  0.654E+03 km
                   Regular sampling grid size:      880 points
                   Nearest neighbor distance (min/max/avg):  0.213E+03 km /  0.736E+03 km /  0.652E+03 km
                   Effective resolution (min/max/avg):  6.40 / 22.17 /  7.85
                   Subgrid hash:   -419298473
                Subgrid size:      880
             nc1(  1) =                        760
             nc1(  2) =                        880
             ns =                             1640
             v%n_s =                             2
             c%n_s[global] =                 47576
             Effective levels:   1   2 
                   Requested distance between points (min/max/avg):  0.834E+03 km /  0.834E+03 km /  0.834E+03 km
                   Regular sampling grid size:      544 points
                   Nearest neighbor distance (min/max/avg):  0.289E+03 km /  0.889E+03 km /  0.774E+03 km
                   Effective resolution (min/max/avg):  6.76 / 20.79 /  8.53
                   Subgrid hash:   -474283508
                Subgrid size:      544
                   Requested distance between points (min/max/avg):  0.834E+03 km /  0.834E+03 km /  0.834E+03 km
                   Regular sampling grid size:      448 points
                   Nearest neighbor distance (min/max/avg):  0.329E+03 km /  0.953E+03 km /  0.826E+03 km
                   Effective resolution (min/max/avg):  6.32 / 18.29 /  8.02
                   Subgrid hash:   -823721553
                Subgrid size:      448
             nc1(  1) =                        544
             nc1(  2) =                        448
             ns =                              992
             v%n_s =                             2
             c%n_s[global] =                 27776
    Full NICAS adjoint test result:                        T
       Block NICAS adjoint test result:                    T
          Interpolation adjoint test (horizontal) result:  T
          Interpolation adjoint test (vertical) result:    T
          Interpolation adjoint test (total) result:       T
          Communication AB adjoint test result:            T
          Communication AC adjoint test result:            T
          Convolution / communication adjoint test result: T
          Component NICAS adjoint test result:             T
             Min / max: 1.0000000 /  1.0000000 over     10 tests
             Min / max: 1.0000000 /  1.0000000 over     10 tests
             0.0 /    0.0:  1.0000000
          Level   1:  0.0000000 -  1.0000000
          Level   2:  0.0000000 -  0.7841465
    Full NICAS adjoint test result:                        T
       Block NICAS adjoint test result:                    T
          Interpolation adjoint test (horizontal) result:  T
          Interpolation adjoint test (vertical) result:    T
          Interpolation adjoint test (total) result:       T
          Communication AB adjoint test result:            T
          Communication AC adjoint test result:            T
          Convolution / communication adjoint test result: T
          Component NICAS adjoint test result:             T
             Min / max: 1.0000000 /  1.0000000 over     10 tests
             Min / max: 1.0000000 /  1.0000000 over     10 tests
             0.0 /    0.0:  1.0000000
          Level   1:  0.0000000 -  1.0000000
          Level   2:  0.0000000 -  0.9217741
Norm of output parameter loc_rh - 1: 2.3760945804755172e+08
Norm of output parameter loc_rv - 1: 1.9094323113039604e+02
Norm of output parameter hyb_coef_ens - 1: 2.4900083429246830e+01
Norm of output parameter hyb_coef_ens_lr - 1: 2.4824227913120588e+01
Norm of output parameter loc_rh_lr - 1: 2.4667456322463140e+08
Norm of output parameter loc_rv_lr - 1: 2.5128659590070541e+02
