       Independent levels:  1[2]
          Subset Sc0 size:              762
          Domain area (% of Earth area): 0.100E+03%
             Level   1 ~> 100.0%
             Level   2 ~> 100.0%
             Level   1 ~>  0.100E+01 vert. coord.
             Level   2 ~>  0.200E+01 vert. coord.
          Norm of air_horizontal_streamfunction:  0.37743296E+02
          Norm of air_horizontal_streamfunction:  0.37333358E+02
          Norm of air_horizontal_streamfunction:  0.35149387E+02
          Norm of air_horizontal_streamfunction:  0.38618558E+02
          Norm of air_horizontal_streamfunction:  0.37272175E+02
          Norm of air_horizontal_streamfunction:  0.40563427E+02
          Norm of air_horizontal_streamfunction:  0.36294481E+02
          Norm of air_horizontal_streamfunction:  0.42147674E+02
          Norm of air_horizontal_streamfunction:  0.40101782E+02
          Norm of air_horizontal_streamfunction:  0.35539739E+02
          Norm of air_horizontal_streamfunction:  0.38154207E+02
          Norm of air_horizontal_streamfunction:  0.39311968E+02
          Norm of air_horizontal_streamfunction:  0.39724511E+02
          Norm of air_horizontal_streamfunction:  0.42335247E+02
          Norm of air_horizontal_streamfunction:  0.36683829E+02
          Norm of air_horizontal_streamfunction:  0.39156773E+02
          Norm of air_horizontal_streamfunction:  0.40919996E+02
          Norm of air_horizontal_streamfunction:  0.38914076E+02
          Norm of air_horizontal_streamfunction:  0.36849454E+02
          Norm of air_horizontal_streamfunction:  0.39027105E+02
          Norm of air_horizontal_streamfunction:  0.34259172E+02
          Norm of air_horizontal_streamfunction:  0.38276157E+02
          Norm of air_horizontal_streamfunction:  0.39164201E+02
          Norm of air_horizontal_streamfunction:  0.40100802E+02
          Norm of air_horizontal_streamfunction:  0.38918377E+02
          Level   1 ~> 100.0%
          Level   2 ~> 100.0%
          Decimate full grid, at least      500 points required,     762 valid points found
          Subgrid hash:   -130003308
             -90.00 deg.  ~>100-100-99-100-100-100-100-99-100-100 
             -90.00 deg.  ~>100-100-99-100-100-100-100-99-100-100 
          nc1 =      500
          Independent levels:  1[2]
          Independent levels for angular sector   1 / class   1:  1[2]
          Independent levels for angular sector   1 / class   2:  1[2]
          Independent levels for angular sector   1 / class   3:  1[2]
          Independent levels for angular sector   1 / class   4:  1[2]
          Independent levels for angular sector   1 / class   5:  1[2]
          Independent levels for angular sector   1 / class   6:  1[2]
          Independent levels for angular sector   1 / class   7:  1[2]
          Independent levels for angular sector   1 / class   8:  1[2]
          Independent levels for angular sector   1 / class   9:  1[2]
          Independent levels for angular sector   1 / class  10:  1[2]
                Level:   1 ~> cov. at class zero:  0.99E+00
                Level:   2 ~> cov. at class zero:  0.10E+01
             Block air_horizontal_streamfunction:  0.15701753E+00 for       40 diagnostic points
                   Level:   1 ~> amplitude:        1.00
                                 cor. hor. support:      3673.61 km
                                 cor. ver. support:         3.21 vertical units
                   Level:   2 ~> amplitude:        1.00
                                 cor. hor. support:      3803.79 km
                                 cor. ver. support:         3.21 vertical units
             Block air_horizontal_streamfunction:  0.34812185E-01 for       40 diagnostic points
                Level:   1 ~> loc. at class zero:       1.00
                Level:   2 ~> loc. at class zero:       1.00
                   Level:   1 ~> amplitude:        1.00
                                 loc. hor. support:      1266.10 km
                                 loc. ver. support:         1.28 vertical units
                   Level:   2 ~> amplitude:        1.00
                                 loc. hor. support:      1301.71 km
                                 loc. ver. support:         1.28 vertical units
Norm of output parameter loc_rh - 1: 5.2629516800396532e+07
Norm of output parameter loc_rv - 1: 5.2638920488821292e+01
