       Independent levels:  1[2]
          Subset Sc0 size:              762
          Domain area (% of Earth area): 0.100E+03%
             Level   1 ~> 100.0%
             Level   2 ~> 100.0%
             Level   1 ~>  0.100E+01 vert. coord.
             Level   2 ~>  0.200E+01 vert. coord.
          Norm of air_horizontal_streamfunction:  0.39022221E+02
          Norm of air_horizontal_velocity_potential:  0.35502750E+02
          Norm of air_horizontal_streamfunction:  0.37704157E+02
          Norm of air_horizontal_velocity_potential:  0.38845342E+02
          Norm of air_horizontal_streamfunction:  0.35449901E+02
          Norm of air_horizontal_velocity_potential:  0.37438931E+02
          Norm of air_horizontal_streamfunction:  0.39949496E+02
          Norm of air_horizontal_velocity_potential:  0.38756902E+02
          Norm of air_horizontal_streamfunction:  0.37970728E+02
          Norm of air_horizontal_velocity_potential:  0.36651400E+02
          Norm of air_horizontal_streamfunction:  0.41199259E+02
          Norm of air_horizontal_velocity_potential:  0.40463211E+02
          Norm of air_horizontal_streamfunction:  0.37063570E+02
          Norm of air_horizontal_velocity_potential:  0.37803314E+02
          Norm of air_horizontal_streamfunction:  0.41009020E+02
          Norm of air_horizontal_velocity_potential:  0.39248364E+02
          Norm of air_horizontal_streamfunction:  0.41244596E+02
          Norm of air_horizontal_velocity_potential:  0.43076016E+02
          Norm of air_horizontal_streamfunction:  0.37108352E+02
          Norm of air_horizontal_velocity_potential:  0.38966192E+02
          Norm of air_horizontal_streamfunction:  0.39510691E+02
          Norm of air_horizontal_velocity_potential:  0.38303376E+02
          Norm of air_horizontal_streamfunction:  0.39461466E+02
          Norm of air_horizontal_velocity_potential:  0.43528469E+02
          Norm of air_horizontal_streamfunction:  0.39071433E+02
          Norm of air_horizontal_velocity_potential:  0.42591925E+02
          Norm of air_horizontal_streamfunction:  0.43439315E+02
          Norm of air_horizontal_velocity_potential:  0.35700571E+02
          Norm of air_horizontal_streamfunction:  0.37841894E+02
          Norm of air_horizontal_velocity_potential:  0.39681796E+02
          Norm of air_horizontal_streamfunction:  0.39832230E+02
          Norm of air_horizontal_velocity_potential:  0.38885277E+02
          Norm of air_horizontal_streamfunction:  0.42358562E+02
          Norm of air_horizontal_velocity_potential:  0.40812565E+02
          Norm of air_horizontal_streamfunction:  0.40221684E+02
          Norm of air_horizontal_velocity_potential:  0.36876520E+02
          Norm of air_horizontal_streamfunction:  0.37060273E+02
          Norm of air_horizontal_velocity_potential:  0.34695319E+02
          Norm of air_horizontal_streamfunction:  0.39048922E+02
          Norm of air_horizontal_velocity_potential:  0.34360313E+02
          Norm of air_horizontal_streamfunction:  0.34091943E+02
          Norm of air_horizontal_velocity_potential:  0.38278103E+02
          Norm of air_horizontal_streamfunction:  0.40183842E+02
          Norm of air_horizontal_velocity_potential:  0.39111598E+02
          Norm of air_horizontal_streamfunction:  0.40590880E+02
          Norm of air_horizontal_velocity_potential:  0.40187682E+02
          Norm of air_horizontal_streamfunction:  0.40678868E+02
          Norm of air_horizontal_velocity_potential:  0.36588682E+02
          Norm of air_horizontal_streamfunction:  0.38605603E+02
          Norm of air_horizontal_velocity_potential:  0.37164253E+02
          Level   1 ~> 100.0%
          Level   2 ~> 100.0%
          Decimate full grid, at least      500 points required,     762 valid points found
          Subgrid hash:   -130003308
             -90.00 deg.  ~>100-100- 2-100-100-100-100-99-100-100 
             -45.00 deg.  ~>100-33-99-100-100-100-100-99-100-100 
               0.00 deg.  ~>100-100-91-68-100-100-100-91-100-100 
              45.00 deg.  ~>100-33-99-100-100-100-100-99-100-100 
             -90.00 deg.  ~>100-100- 2-100-100-100-100-99-100-100 
             -45.00 deg.  ~>100-33-99-100-100-100-100-99-100-100 
               0.00 deg.  ~>100-100-91-68-100-100-100-91-100-100 
              45.00 deg.  ~>100-33-99-100-100-100-100-99-100-100 
          nc1 =      500
          Independent levels:  1[2]
          Independent levels for angular sector   1 / class   1:  1[2]
          Independent levels for angular sector   1 / class   2:  1[2]
          Independent levels for angular sector   1 / class   3:  1[2]
          Independent levels for angular sector   1 / class   4:  1[2]
          Independent levels for angular sector   1 / class   5:  1[2]
          Independent levels for angular sector   1 / class   6:  1[2]
          Independent levels for angular sector   1 / class   7:  1[2]
          Independent levels for angular sector   1 / class   8:  1[2]
          Independent levels for angular sector   1 / class   9:  1[2]
          Independent levels for angular sector   1 / class  10:  1[2]
          Independent levels for angular sector   2 / class   1:  1[2]
          Independent levels for angular sector   2 / class   2:  1[2]
          Independent levels for angular sector   2 / class   3:  1[2]
          Independent levels for angular sector   2 / class   4:  1[2]
          Independent levels for angular sector   2 / class   5:  1[2]
          Independent levels for angular sector   2 / class   6:  1[2]
          Independent levels for angular sector   2 / class   7:  1[2]
          Independent levels for angular sector   2 / class   8:  1[2]
          Independent levels for angular sector   2 / class   9:  1[2]
          Independent levels for angular sector   2 / class  10:  1[2]
          Independent levels for angular sector   3 / class   1:  1[2]
          Independent levels for angular sector   3 / class   2:  1[2]
          Independent levels for angular sector   3 / class   3:  1[2]
          Independent levels for angular sector   3 / class   4:  1[2]
          Independent levels for angular sector   3 / class   5:  1[2]
          Independent levels for angular sector   3 / class   6:  1[2]
          Independent levels for angular sector   3 / class   7:  1[2]
          Independent levels for angular sector   3 / class   8:  1[2]
          Independent levels for angular sector   3 / class   9:  1[2]
          Independent levels for angular sector   3 / class  10:  1[2]
          Independent levels for angular sector   4 / class   1:  1[2]
          Independent levels for angular sector   4 / class   2:  1[2]
          Independent levels for angular sector   4 / class   3:  1[2]
          Independent levels for angular sector   4 / class   4:  1[2]
          Independent levels for angular sector   4 / class   5:  1[2]
          Independent levels for angular sector   4 / class   6:  1[2]
          Independent levels for angular sector   4 / class   7:  1[2]
          Independent levels for angular sector   4 / class   8:  1[2]
          Independent levels for angular sector   4 / class   9:  1[2]
          Independent levels for angular sector   4 / class  10:  1[2]
                Level:   1 ~> cov. at class zero:  0.99E+00
                Level:   2 ~> cov. at class zero:  0.10E+01
                Level:   1 ~> cov. at class zero:  0.97E+00
                Level:   2 ~> cov. at class zero:  0.10E+01
             Block air_horizontal_streamfunction:  0.16800833E+00 for      160 diagnostic points
             Block air_horizontal_velocity_potential:  0.18291166E+00 for      160 diagnostic points
                   Level:   1 ~> amplitude:        0.75
                                 cor. hor. support:      3847.00 km
                                 cor. ver. support:         4.82 vertical units
                   Level:   2 ~> amplitude:        0.73
                                 cor. hor. support:      4078.40 km
                                 cor. ver. support:         5.19 vertical units
                   Level:   1 ~> amplitude:        0.25
                                 cor. hor. support:      2163.33 km
                                 cor. ver. support:         0.48 vertical units
                   Level:   2 ~> amplitude:        0.27
                                 cor. hor. support:      2293.46 km
                                 cor. ver. support:         0.52 vertical units
                   Level:   1 ~> amplitude:        0.73
                                 cor. hor. support:      4209.29 km
                                 cor. ver. support:         5.02 vertical units
                   Level:   2 ~> amplitude:        0.75
                                 cor. hor. support:      3858.71 km
                                 cor. ver. support:         4.65 vertical units
                   Level:   1 ~> amplitude:        0.27
                                 cor. hor. support:      2367.06 km
                                 cor. ver. support:         0.50 vertical units
                   Level:   2 ~> amplitude:        0.25
                                 cor. hor. support:      2169.91 km
                                 cor. ver. support:         0.46 vertical units
             Effective levels:   1   2 
                Horizontal support radius:    3847.00 km (   3847.00 km -    3847.00 km)
                Estimated nc1 from horizontal support radius:      636
                   Decimate full grid, at least      636 points required,     762 valid points found
                   Subgrid hash:   1170483386
                Final nc1:      636
                Effective horizontal resolution:  4.00
                Horizontal support radius:    4078.40 km (   4078.40 km -    4078.40 km)
                Estimated nc1 from horizontal support radius:      566
                   Decimate full grid, at least      566 points required,     762 valid points found
                   Subgrid hash:   -720557969
                Final nc1:      566
                Effective horizontal resolution:  4.00
             nc1(  1) =                        636
             nc1(  2) =                        566
             ns =                             1202
             v%n_s =                             2
             c%n_s[global] =                 31871
             Effective levels:   1   2 
                Horizontal support radius:    2163.33 km (   2163.33 km -    2163.33 km)
                Estimated nc1 from horizontal support radius:     2013
                   Decimate full grid, at least      762 points required,     762 valid points found
                   Subgrid hash:   1550418632
                Final nc1:      762
                Effective horizontal resolution:  2.46
                Horizontal support radius:    2293.46 km (   2293.46 km -    2293.46 km)
                Estimated nc1 from horizontal support radius:     1791
                   Decimate full grid, at least      762 points required,     762 valid points found
                   Subgrid hash:   1550418632
                Final nc1:      762
                Effective horizontal resolution:  2.61
             nc1(  1) =                        762
             nc1(  2) =                        762
             ns =                             1524
             v%n_s =                             2
             c%n_s[global] =                 12026
             Effective levels:   1   2 
                Horizontal support radius:    4209.29 km (   4209.29 km -    4209.29 km)
                Estimated nc1 from horizontal support radius:      531
                   Decimate full grid, at least      531 points required,     762 valid points found
                   Subgrid hash:   -300196993
                Final nc1:      531
                Effective horizontal resolution:  4.00
                Horizontal support radius:    3858.71 km (   3858.71 km -    3858.71 km)
                Estimated nc1 from horizontal support radius:      632
                   Decimate full grid, at least      632 points required,     762 valid points found
                   Subgrid hash:  -1887079038
                Final nc1:      632
                Effective horizontal resolution:  4.00
             nc1(  1) =                        531
             nc1(  2) =                        632
             ns =                             1163
             v%n_s =                             2
             c%n_s[global] =                 31472
             Effective levels:   1   2 
                Horizontal support radius:    2367.06 km (   2367.06 km -    2367.06 km)
                Estimated nc1 from horizontal support radius:     1682
                   Decimate full grid, at least      762 points required,     762 valid points found
                   Subgrid hash:   1550418632
                Final nc1:      762
                Effective horizontal resolution:  2.69
                Horizontal support radius:    2169.91 km (   2169.91 km -    2169.91 km)
                Estimated nc1 from horizontal support radius:     2001
                   Decimate full grid, at least      762 points required,     762 valid points found
                   Subgrid hash:   1550418632
                Final nc1:      762
                Effective horizontal resolution:  2.47
             nc1(  1) =                        762
             nc1(  2) =                        762
             ns =                             1524
             v%n_s =                             2
             c%n_s[global] =                 10578
    Full NICAS adjoint test result:                        T
       Block NICAS adjoint test result:                    T
          Interpolation adjoint test (horizontal) result:  T
          Interpolation adjoint test (vertical) result:    T
          Interpolation adjoint test (total) result:       T
          Communication AB adjoint test result:            T
          Communication AC adjoint test result:            T
          Convolution / communication adjoint test result: T
          Component NICAS adjoint test result:             T
          Interpolation adjoint test (horizontal) result:  T
          Interpolation adjoint test (vertical) result:    T
          Interpolation adjoint test (total) result:       T
          Communication AB adjoint test result:            T
          Communication AC adjoint test result:            T
          Convolution / communication adjoint test result: T
          Component NICAS adjoint test result:             T
       Block NICAS adjoint test result:                    T
          Interpolation adjoint test (horizontal) result:  T
          Interpolation adjoint test (vertical) result:    T
          Interpolation adjoint test (total) result:       T
          Communication AB adjoint test result:            T
          Communication AC adjoint test result:            T
          Convolution / communication adjoint test result: T
          Component NICAS adjoint test result:             T
          Interpolation adjoint test (horizontal) result:  T
          Interpolation adjoint test (vertical) result:    T
          Interpolation adjoint test (total) result:       T
          Communication AB adjoint test result:            T
          Communication AC adjoint test result:            T
          Convolution / communication adjoint test result: T
          Component NICAS adjoint test result:             T
             Min / max: 1.0000000 /  1.0000000 over     10 tests
             Min / max: 1.0000000 /  1.0000000 over     10 tests
             Min / max: 1.0000000 /  1.0000000 over     10 tests
             Min / max: 1.0000000 /  1.0000000 over     10 tests
             Min / max: 1.0000000 /  1.0000000 over     10 tests
             Min / max: 1.0000000 /  1.0000000 over     10 tests
             0.0 /    0.0:  1.0000000
          Level   1:  0.0000000 -  1.0000000
          Level   2:  0.0000000 -  0.6516705
             0.0 /    0.0:  0.0000000
          Level   1:  0.0000000 -  0.0000000
          Level   2:  0.0000000 -  0.0000000
Norm of output parameter dirac_mom_cov - 1: 1.2483046291952320e+01
Norm of output parameter dirac_mom_single_obs - 1: 9.8500126093528912e+00
Norm of output parameter dirac_mom - 1: 1.1133762632665933e+01
Norm of output parameter dirac_diag_cor - 1: 2.1369971280152713e+00
Norm of output parameter cor_a - 1: 4.2923278486497992e+01
Norm of output parameter cor_a - 2: 1.5056057176290953e+01
Norm of output parameter cor_rh1 - 1: 2.3846982705027616e+08
Norm of output parameter cor_rh1 - 2: 1.3410143856149732e+08
Norm of output parameter cor_rh2 - 1: 2.2614888274477297e+08
Norm of output parameter cor_rh2 - 2: 1.2717286241313940e+08
Norm of output parameter cor_rhc - 1: 2.2388494567267827e+00
Norm of output parameter cor_rhc - 2: 2.2388494567267827e+00
Norm of output parameter cor_rh - 1: 2.3193547828935575e+08
Norm of output parameter cor_rh - 2: 1.3042690422002572e+08
Norm of output parameter cor_rv - 1: 2.8541377183199234e+02
Norm of output parameter cor_rv - 2: 2.8541377183312065e+01
Norm of output parameter nicas_norm - 1: 5.8731461775718465e+01
