       Independent levels:  1[2]
          Subset Sc0 size:              762
          Domain area (% of Earth area): 0.100E+03%
             Level   1 ~> 100.0%
             Level   2 ~> 100.0%
             Level   1 ~>  0.100E+01 vert. coord.
             Level   2 ~>  0.200E+01 vert. coord.
          Norm of air_horizontal_streamfunction:  0.34653471E+02
          Norm of air_horizontal_streamfunction:  0.38612958E+02
          Norm of air_horizontal_streamfunction:  0.40342779E+02
          Norm of air_horizontal_streamfunction:  0.36314375E+02
          Norm of air_horizontal_streamfunction:  0.41796702E+02
          Norm of air_horizontal_streamfunction:  0.39730058E+02
          Norm of air_horizontal_streamfunction:  0.36146037E+02
          Norm of air_horizontal_streamfunction:  0.37717813E+02
          Norm of air_horizontal_streamfunction:  0.39022474E+02
          Norm of air_horizontal_streamfunction:  0.41930228E+02
          Norm of air_horizontal_streamfunction:  0.36018132E+02
          Norm of air_horizontal_streamfunction:  0.39024295E+02
          Norm of air_horizontal_streamfunction:  0.41226927E+02
          Norm of air_horizontal_streamfunction:  0.36540941E+02
          Norm of air_horizontal_streamfunction:  0.39038562E+02
          Norm of air_horizontal_streamfunction:  0.34000987E+02
          Norm of air_horizontal_streamfunction:  0.38110615E+02
          Norm of air_horizontal_streamfunction:  0.38884631E+02
          Norm of air_horizontal_streamfunction:  0.40525676E+02
          Norm of air_horizontal_streamfunction:  0.38728177E+02
                Level   1: rhflt =   40000.00 km, rel. diff. =  0.37774E-02
                Level   2: rhflt =   40000.00 km, rel. diff. =  0.12070E-01
             Level   1 ~>  0.10282E+01 /  0.10282E+01
             Level   2 ~>  0.10173E+01 /  0.10173E+01
Norm of output parameter stddev - 1: 4.1451886397320003e+01
Norm of output parameter var - 1: 4.3697425351382634e+01
Norm of output parameter m4 - 1: 1.4706925807801912e+02
