Input Dirac increment:
- Valid time: 2010-01-01T12:00:00Z
  Geometry: structured [3848]
  Fields:
  - air_temperature (10 levels):
    + min    = 0.0000000000000000e+00
    + max    = 1.0000000000000000e+00
    + mean   = 5.1975051975051978e-05
    + stddev = 7.2092788291837394e-03
- Regional grid size: 74x52
- Cell sizes: 2.5000000000000000e+00 km x 2.5000000000000000e+00 km
- Mean latitude: 5.6289536019444682e+01 deg
- Spectral sizes: 38x27
- Truncation parameters MxN: 36x25
- Maximum total wave number: 36
- Spectral array global size: 2815
- Direct-inverse test passed
- Inverse-direct test passed
- Parseval identity test passed
- Adjoint test (forward) passed
- Adjoint test (inverse) passed
- Derivatives / direct Laplacian consistency test passed
Adjoint test for block BifourierSpectralToGrid passed
Inner inverse test for block BifourierSpectralToGrid passed: U Uinv (U x) == (U x)
Outer inverse test for block BifourierSpectralToGrid passed: Uinv U (Uinv x) == (Uinv x)
Covariance norms: 
- air_temperature: 
  + correlation square-root: 4.2078532461104839e-01
  + standard-deviation:      3.1622776601683795e+00
Adjoint test for block BifourierCovariance passed
Square-root test for block BifourierCovariance passed
Covariance(SABER) * Increment:
- Valid time: 2010-01-01T12:00:00Z
  Geometry: structured [3848]
  Fields:
  - air_temperature (10 levels):
    + min    = -1.6441193848608676e-01
    + max    = 9.9999999999999378e-01
    + mean   = 1.6087422077912005e-03
    + stddev = 4.7033847494721441e-02
