       Independent levels:  1[2]
          Subset Sc0 size:              762
          Domain area (% of Earth area): 0.765E+02%
             Level   1 ~>  76.5%
             Level   2 ~>  76.5%
             Level   1 ~>  0.100E+01 vert. coord.
             Level   2 ~>  0.200E+01 vert. coord.
          Level   1 ~> 100.0%
          Level   2 ~> 100.0%
          Subgrid hash:    924525096
             -90.00 deg.  ~>100-99-97-98-95-95-92-87-90-82 
             -90.00 deg.  ~>100-99-97-98-95-95-92-87-90-82 
          nc1 =      398
          Independent levels:  1[2]
          Independent levels for angular sector   1 / class   1:  1[2]
          Independent levels for angular sector   1 / class   2:  1[2]
          Independent levels for angular sector   1 / class   3:  1[2]
          Independent levels for angular sector   1 / class   4:  1[2]
          Independent levels for angular sector   1 / class   5:  1[2]
          Independent levels for angular sector   1 / class   6:  1[2]
          Independent levels for angular sector   1 / class   7:  1[2]
          Independent levels for angular sector   1 / class   8:  1[2]
          Independent levels for angular sector   1 / class   9:  1[2]
          Independent levels for angular sector   1 / class  10:  1[2]
                Level:   1 ~> cov. at class zero:  0.99E+00
                Level:   2 ~> cov. at class zero:  0.99E+00
             Block common:  0.16029865E+00 for       40 diagnostic points
                   Level:   1 ~> amplitude:        1.00
                                 cor. hor. support:      4076.38 km
                                 cor. ver. support:         3.18 vertical units
                   Level:   2 ~> amplitude:        1.00
                                 cor. hor. support:      4008.36 km
                                 cor. ver. support:         3.18 vertical units
             Block common:  0.29905038E+00 for       32 diagnostic points
                Level:   1 ~> loc. at class zero:       0.92
                Level:   2 ~> loc. at class zero:       0.92
                   Level:   1 ~> amplitude:        1.00
                                 loc. hor. support:      6294.71 km
                                 loc. ver. support:         6.08 vertical units
                   Level:   2 ~> amplitude:        1.00
                                 loc. hor. support:      5909.92 km
                                 loc. ver. support:         6.08 vertical units
             Effective levels:   1   2 
                   Requested distance between points (min/max/avg):  0.872E+03 km /  0.872E+03 km /  0.872E+03 km
                   Regular sampling grid size:      448 points
                   Nearest neighbor distance (min/max/avg):  0.329E+03 km /  0.138E+04 km /  0.837E+03 km
                   Effective resolution (min/max/avg):  4.56 / 19.13 /  8.24
                   Subgrid hash:    590053824
                Subgrid size:      343
                   Requested distance between points (min/max/avg):  0.819E+03 km /  0.819E+03 km /  0.819E+03 km
                   Regular sampling grid size:      544 points
                   Nearest neighbor distance (min/max/avg):  0.289E+03 km /  0.261E+04 km /  0.786E+03 km
                   Effective resolution (min/max/avg):  2.26 / 20.42 /  8.24
                   Subgrid hash:  -1739121751
                Subgrid size:      416
             nc1(  1) =                        343
             nc1(  2) =                        416
             ns =                              759
             v%n_s =                             2
             c%n_s[global] =                 18939
    Full NICAS adjoint test result:                        T
       Block NICAS adjoint test result:                    T
          Interpolation adjoint test (horizontal) result:  T
          Interpolation adjoint test (vertical) result:    T
          Interpolation adjoint test (total) result:       T
          Communication AB adjoint test result:            T
          Communication AC adjoint test result:            T
          Convolution / communication adjoint test result: T
          Component NICAS adjoint test result:             T
             Min / max: 1.0000000 /  1.0000000 over     10 tests
             Min / max: 1.0000000 /  1.0000000 over     10 tests
             0.0 /    0.0:  1.0000000
          Level   1:  0.0000000 -  1.0000000
          Level   2:  0.0000000 -  0.9182461
Norm of output parameter dirac_mom - 1: 8.8436778935301614e+00
Norm of output parameter dirac_diag_loc - 1: 3.4666843177706554e+00
Norm of output parameter cor_rh - 1: 1.7413499446194962e+08
Norm of output parameter cor_rv - 1: 1.3723369069952022e+02
Norm of output parameter loc_rh - 1: 2.6095040894056818e+08
Norm of output parameter loc_rv - 1: 2.6261467877360337e+02
Norm of output parameter nicas_norm - 1: 6.0096673919354714e+01
