       Independent levels:  1[10]
          Subset Sc0 size:              762
          Domain area (% of Earth area): 0.100E+03%
             Level   1 ~> 100.0%
             Level   2 ~> 100.0%
             Level   3 ~> 100.0%
             Level   4 ~> 100.0%
             Level   5 ~> 100.0%
             Level   6 ~> 100.0%
             Level   7 ~> 100.0%
             Level   8 ~> 100.0%
             Level   9 ~> 100.0%
             Level  10 ~> 100.0%
             Level   1 ~>  0.100E+01 vert. coord.
             Level   2 ~>  0.200E+01 vert. coord.
             Level   3 ~>  0.300E+01 vert. coord.
             Level   4 ~>  0.400E+01 vert. coord.
             Level   5 ~>  0.500E+01 vert. coord.
             Level   6 ~>  0.600E+01 vert. coord.
             Level   7 ~>  0.700E+01 vert. coord.
             Level   8 ~>  0.800E+01 vert. coord.
             Level   9 ~>  0.900E+01 vert. coord.
             Level  10 ~>  0.100E+02 vert. coord.
Norm of input parameter sampling_mask_field - 1: 8.9728039154758349e+01
          Norm of air_horizontal_streamfunction:  0.87865069E+02
          Norm of air_horizontal_streamfunction:  0.79131883E+02
          Norm of air_horizontal_streamfunction:  0.78481342E+02
          Norm of air_horizontal_streamfunction:  0.75061612E+02
          Norm of air_horizontal_streamfunction:  0.75900651E+02
          Norm of air_horizontal_streamfunction:  0.76099500E+02
          Norm of air_horizontal_streamfunction:  0.83794955E+02
          Norm of air_horizontal_streamfunction:  0.80365417E+02
          Norm of air_horizontal_streamfunction:  0.75714856E+02
          Norm of air_horizontal_streamfunction:  0.77898998E+02
          Norm of air_horizontal_streamfunction:  0.84842261E+02
          Norm of air_horizontal_streamfunction:  0.79606262E+02
          Norm of air_horizontal_streamfunction:  0.82400163E+02
          Norm of air_horizontal_streamfunction:  0.80887735E+02
          Norm of air_horizontal_streamfunction:  0.76869443E+02
          Norm of air_horizontal_streamfunction:  0.77749044E+02
          Norm of air_horizontal_streamfunction:  0.78449048E+02
          Norm of air_horizontal_streamfunction:  0.77822257E+02
          Norm of air_horizontal_streamfunction:  0.81775576E+02
          Norm of air_horizontal_streamfunction:  0.85055426E+02
          Norm of air_horizontal_streamfunction:  0.79910633E+02
          Norm of air_horizontal_streamfunction:  0.83802511E+02
          Norm of air_horizontal_streamfunction:  0.80686875E+02
          Norm of air_horizontal_streamfunction:  0.80375848E+02
          Norm of air_horizontal_streamfunction:  0.88705606E+02
          Level   1 ~>   3.5%
          Level   2 ~>   3.3%
          Level   3 ~>   5.0%
          Level   4 ~>   3.1%
          Level   5 ~>   4.5%
          Level   6 ~>   3.1%
          Level   7 ~>   4.3%
          Level   8 ~>   2.4%
          Level   9 ~>   2.1%
          Level  10 ~>   2.4%
          Profile A computed at lon/lat:    0.0 /    0.0
          Profile B computed at lon/lat:  -18.0 /   54.0
          Profile C computed at lon/lat: -126.0 /   -9.0
             -90.00 deg.  ~>55-32-12- 4- 2- 2- 2- 4- 0- 2 
             -90.00 deg.  ~>51-34-14- 4- 0- 2- 2- 2- 2- 6 
             -90.00 deg.  ~>77-44-26-12- 4- 6- 8- 6- 6-10 
             -90.00 deg.  ~>48-24-12- 6- 4- 2- 2- 4- 2- 8 
             -90.00 deg.  ~>69-34-24-12-10- 2- 4- 6- 4- 8 
             -90.00 deg.  ~>48-22-14- 4- 6- 0- 4- 2- 2- 4 
             -90.00 deg.  ~>67-38-28-10-10- 2- 4- 6- 4- 6 
             -90.00 deg.  ~>36-18- 4- 2- 6- 0- 8- 0- 4- 0 
             -90.00 deg.  ~>32-18- 8- 6- 4- 2- 0- 2- 2- 2 
             -90.00 deg.  ~>36-18- 8- 6- 2- 2- 0- 2- 2- 0 
          nc1 =       49
          nc2 =       49
          Independent levels:  1[1]  2[1]  3[1]  4[1]  5[1]  6[1]  7[1]  8[1]  9[1] 10[1]
          Independent levels for angular sector   1 / class   1:  1[1]  2[1]  3[1]  4[1]  5[1]  6[1]  7[1]  8[1]  9[1] 10[1]
          Independent levels for angular sector   1 / class   2:  1[1]  2[1]  3[1]  4[1]  5[1]  6[1]  7[1]  8[1]  9[1] 10[1]
          Independent levels for angular sector   1 / class   3:  1[1]  2[1]  3[1]  4[1]  5[1]  6[1]  7[1]  8[1]  9[1] 10[1]
          Independent levels for angular sector   1 / class   4:  1[1]  2[1]  3[1]  4[1]  5[1]  6[1]  7[1]  8[1]  9[1] 10[1]
          Independent levels for angular sector   1 / class   5:  1[1]  2[1]  3[2]  5[1]  6[1]  7[1]  8[1]  9[1] 10[1]
          Independent levels for angular sector   1 / class   6:  1[3]  3[1]  4[2]  6[2]  9[2]
          Independent levels for angular sector   1 / class   7:  1[2]  3[1]  4[1]  5[3]  8[1]  9[2]
          Independent levels for angular sector   1 / class   8:  1[2]  2[1]  3[1]  5[1]  6[1]  7[1]  8[1]  9[2]
          Independent levels for angular sector   1 / class   9:  1[1]  2[2]  3[1]  4[1]  5[1]  7[1]  8[1]  9[2]
          Independent levels for angular sector   1 / class  10:  1[1]  2[1]  3[1]  4[1]  5[1]  6[1]  7[1]  8[2]  9[1]
                Level:   1 ~> cov. at class zero:  0.12E+01
                Level:   2 ~> cov. at class zero:  0.85E+00
                Level:   3 ~> cov. at class zero:  0.10E+01
                Level:   4 ~> cov. at class zero:  0.82E+00
                Level:   5 ~> cov. at class zero:  0.11E+01
                Level:   6 ~> cov. at class zero:  0.78E+00
                Level:   7 ~> cov. at class zero:  0.11E+01
                Level:   8 ~> cov. at class zero:  0.86E+00
                Level:   9 ~> cov. at class zero:  0.11E+01
                Level:  10 ~> cov. at class zero:  0.11E+01
             Block air_horizontal_streamfunction:  0.34153559E+00 for    15699 diagnostic points
                   Level:   1 ~> amplitude:        1.00
                                 cor. hor. support:      4999.18 km
                                 cor. ver. support:         5.65 vertical units
                   Level:   2 ~> amplitude:        1.00
                                 cor. hor. support:      6033.55 km
                                 cor. ver. support:         6.73 vertical units
                   Level:   3 ~> amplitude:        1.00
                                 cor. hor. support:      4895.14 km
                                 cor. ver. support:         5.21 vertical units
                   Level:   4 ~> amplitude:        1.00
                                 cor. hor. support:      4986.36 km
                                 cor. ver. support:         6.34 vertical units
                   Level:   5 ~> amplitude:        1.00
                                 cor. hor. support:      4223.86 km
                                 cor. ver. support:         5.48 vertical units
                   Level:   6 ~> amplitude:        1.00
                                 cor. hor. support:      4797.03 km
                                 cor. ver. support:         6.10 vertical units
                   Level:   7 ~> amplitude:        1.00
                                 cor. hor. support:      5234.42 km
                                 cor. ver. support:         5.09 vertical units
                   Level:   8 ~> amplitude:        1.00
                                 cor. hor. support:      5693.45 km
                                 cor. ver. support:         6.46 vertical units
                   Level:   9 ~> amplitude:        1.00
                                 cor. hor. support:      4376.67 km
                                 cor. ver. support:         5.38 vertical units
                   Level:  10 ~> amplitude:        1.00
                                 cor. hor. support:      4156.69 km
                                 cor. ver. support:         6.99 vertical units
             Block air_horizontal_streamfunction:  0.25514138E+00 for    35000 diagnostic points
                Level:   1 ~> loc. at class zero:       0.92
                Level:   2 ~> loc. at class zero:       0.92
                Level:   3 ~> loc. at class zero:       0.92
                Level:   4 ~> loc. at class zero:       0.92
                Level:   5 ~> loc. at class zero:       0.92
                Level:   6 ~> loc. at class zero:       0.92
                Level:   7 ~> loc. at class zero:       0.92
                Level:   8 ~> loc. at class zero:       0.92
                Level:   9 ~> loc. at class zero:       0.92
                Level:  10 ~> loc. at class zero:       0.92
                   Level:   1 ~> amplitude:        1.00
                                 loc. hor. support:      6589.11 km
                                 loc. ver. support:         8.20 vertical units
                   Level:   2 ~> amplitude:        1.00
                                 loc. hor. support:      7986.86 km
                                 loc. ver. support:         7.96 vertical units
                   Level:   3 ~> amplitude:        1.00
                                 loc. hor. support:      6446.18 km
                                 loc. ver. support:         8.01 vertical units
                   Level:   4 ~> amplitude:        1.00
                                 loc. hor. support:      6576.50 km
                                 loc. ver. support:         9.60 vertical units
                   Level:   5 ~> amplitude:        1.00
                                 loc. hor. support:      5555.85 km
                                 loc. ver. support:         9.22 vertical units
                   Level:   6 ~> amplitude:        1.00
                                 loc. hor. support:      6342.03 km
                                 loc. ver. support:         8.79 vertical units
                   Level:   7 ~> amplitude:        1.00
                                 loc. hor. support:      6899.02 km
                                 loc. ver. support:         9.85 vertical units
                   Level:   8 ~> amplitude:        1.00
                                 loc. hor. support:      7493.84 km
                                 loc. ver. support:         8.09 vertical units
                   Level:   9 ~> amplitude:        1.00
                                 loc. hor. support:      5765.38 km
                                 loc. ver. support:         7.44 vertical units
                   Level:  10 ~> amplitude:        1.00
                                 loc. hor. support:      5496.95 km
                                 loc. ver. support:         8.34 vertical units
Norm of output parameter cor_rh - 1: 4.8762013515186220e+08
Norm of output parameter cor_rv - 1: 5.3943858722125958e+02
