       Independent levels:  1[2]
          Subset Sc0 size:              762
          Domain area (% of Earth area): 0.100E+03%
             Level   1 ~> 100.0%
             Level   2 ~> 100.0%
             Level   1 ~>  0.100E+01 vert. coord.
             Level   2 ~>  0.200E+01 vert. coord.
             Effective levels:   1   2 
                   Requested distance between points (min/max/avg):  0.554E+03 km /  0.554E+03 km /  0.554E+03 km
                   Regular sampling grid size:     1288 points
                   Nearest neighbor distance (min/max/avg):  0.168E+03 km /  0.633E+03 km /  0.564E+03 km
                   Effective resolution (min/max/avg):  6.32 / 23.81 /  7.61
                   Subgrid hash:    532022502
                Subgrid size:     1288
             nc1(  1) =                       1288
             nc1(  2) =                       1288
             ns =                             2576
             v%n_s =                             2
             c%n_s[global] =                 73536
