       Independent levels:  1[2]
          Subset Sc0 size:              289
          Domain area (% of Earth area): 0.337E-03%
             Level   1 ~> 100.0%
             Level   2 ~> 100.0%
             Level   1 ~>  0.100E+01 vert. coord.
             Level   2 ~>  0.200E+01 vert. coord.
             Effective levels:   1   2 
                Horizontal support radius:      20.00 km (     20.00 km -      20.00 km)
                Estimated nc1 from horizontal support radius:       79
                   Decimate full grid, at least       79 points required,     289 valid points found
                   Subgrid hash:  -2020768097
                Final nc1:       79
                Effective horizontal resolution:  3.99
             nc1(  1) =                         79
             nc1(  2) =                         79
             ns =                              158
             v%n_s =                             2
             c%n_s[global] =                  2684
Member 0: 
- Valid time: 2010-01-01T12:00:00Z
  Geometry: unstructured.c038fb1 [289]
  Fields:
    air_horizontal_streamfunction: 2.7488461428312242e+01
Member 1: 
- Valid time: 2010-01-01T12:00:00Z
  Geometry: unstructured.c038fb1 [289]
  Fields:
    air_horizontal_streamfunction: 2.5365774478910147e+01
Member 2: 
- Valid time: 2010-01-01T12:00:00Z
  Geometry: unstructured.c038fb1 [289]
  Fields:
    air_horizontal_streamfunction: 2.2686524579293735e+01
Member 3: 
- Valid time: 2010-01-01T12:00:00Z
  Geometry: unstructured.c038fb1 [289]
  Fields:
    air_horizontal_streamfunction: 2.3922691073635313e+01
Member 4: 
- Valid time: 2010-01-01T12:00:00Z
  Geometry: unstructured.c038fb1 [289]
  Fields:
    air_horizontal_streamfunction: 3.0599895181352238e+01
Member 5: 
- Valid time: 2010-01-01T12:00:00Z
  Geometry: unstructured.c038fb1 [289]
  Fields:
    air_horizontal_streamfunction: 2.2750018185453627e+01
Member 6: 
- Valid time: 2010-01-01T12:00:00Z
  Geometry: unstructured.c038fb1 [289]
  Fields:
    air_horizontal_streamfunction: 2.7532588102492657e+01
Member 7: 
- Valid time: 2010-01-01T12:00:00Z
  Geometry: unstructured.c038fb1 [289]
  Fields:
    air_horizontal_streamfunction: 2.7647161488426935e+01
Member 8: 
- Valid time: 2010-01-01T12:00:00Z
  Geometry: unstructured.c038fb1 [289]
  Fields:
    air_horizontal_streamfunction: 1.8639753072100728e+01
Member 9: 
- Valid time: 2010-01-01T12:00:00Z
  Geometry: unstructured.c038fb1 [289]
  Fields:
    air_horizontal_streamfunction: 1.7854079562596066e+01
Member 10: 
- Valid time: 2010-01-01T12:00:00Z
  Geometry: unstructured.c038fb1 [289]
  Fields:
    air_horizontal_streamfunction: 2.5121152429465702e+01
Member 11: 
- Valid time: 2010-01-01T12:00:00Z
  Geometry: unstructured.c038fb1 [289]
  Fields:
    air_horizontal_streamfunction: 2.3789328192145835e+01
Member 12: 
- Valid time: 2010-01-01T12:00:00Z
  Geometry: unstructured.c038fb1 [289]
  Fields:
    air_horizontal_streamfunction: 2.9440193964944516e+01
Member 13: 
- Valid time: 2010-01-01T12:00:00Z
  Geometry: unstructured.c038fb1 [289]
  Fields:
    air_horizontal_streamfunction: 2.4357665237651826e+01
Member 14: 
- Valid time: 2010-01-01T12:00:00Z
  Geometry: unstructured.c038fb1 [289]
  Fields:
    air_horizontal_streamfunction: 2.9756915783173177e+01
Member 15: 
- Valid time: 2010-01-01T12:00:00Z
  Geometry: unstructured.c038fb1 [289]
  Fields:
    air_horizontal_streamfunction: 1.9783604501373482e+01
Member 16: 
- Valid time: 2010-01-01T12:00:00Z
  Geometry: unstructured.c038fb1 [289]
  Fields:
    air_horizontal_streamfunction: 1.9918248248075670e+01
Member 17: 
- Valid time: 2010-01-01T12:00:00Z
  Geometry: unstructured.c038fb1 [289]
  Fields:
    air_horizontal_streamfunction: 1.9441418335787375e+01
Member 18: 
- Valid time: 2010-01-01T12:00:00Z
  Geometry: unstructured.c038fb1 [289]
  Fields:
    air_horizontal_streamfunction: 2.5015213709271197e+01
Member 19: 
- Valid time: 2010-01-01T12:00:00Z
  Geometry: unstructured.c038fb1 [289]
  Fields:
    air_horizontal_streamfunction: 2.6082428436174983e+01
Member 20: 
- Valid time: 2010-01-01T12:00:00Z
  Geometry: unstructured.c038fb1 [289]
  Fields:
    air_horizontal_streamfunction: 2.3554521652135826e+01
Member 21: 
- Valid time: 2010-01-01T12:00:00Z
  Geometry: unstructured.c038fb1 [289]
  Fields:
    air_horizontal_streamfunction: 2.3126885613023546e+01
Member 22: 
- Valid time: 2010-01-01T12:00:00Z
  Geometry: unstructured.c038fb1 [289]
  Fields:
    air_horizontal_streamfunction: 2.5305367502011983e+01
Member 23: 
- Valid time: 2010-01-01T12:00:00Z
  Geometry: unstructured.c038fb1 [289]
  Fields:
    air_horizontal_streamfunction: 2.3778587663468659e+01
Member 24: 
- Valid time: 2010-01-01T12:00:00Z
  Geometry: unstructured.c038fb1 [289]
  Fields:
    air_horizontal_streamfunction: 2.4408205136042493e+01
