       Independent levels:  1[2]
          Subset Sc0 size:              197
          Domain area (% of Earth area): 0.238E-03%
             Level   1 ~> 100.0%
             Level   2 ~> 100.0%
             Level   1 ~>  0.100E+01 vert. coord.
             Level   2 ~>  0.200E+01 vert. coord.
             Effective levels:   1   2 
                   Requested distance between points (min/max/avg):  0.277E+01 km /  0.277E+01 km /  0.277E+01 km
