       Independent levels:  1[2]
          Subset Sc0 size:              173
          Domain area (% of Earth area): 0.100E+03%
             Level   1 ~> 100.0%
             Level   2 ~> 100.0%
             Level   1 ~>  0.100E+01 vert. coord.
             Level   2 ~>  0.200E+01 vert. coord.
             Effective levels:   1   2 
                   Requested distance between points (min/max/avg):  0.554E+03 km /  0.554E+03 km /  0.554E+03 km
                   Regular sampling grid size:     1288 points
                   Nearest neighbor distance (min/max/avg):  0.168E+03 km /  0.633E+03 km /  0.564E+03 km
                   Effective resolution (min/max/avg):  6.32 / 23.81 /  7.61
                   Subgrid hash:    532022502
                Subgrid size:     1288
             nc1(  1) =                       1288
             nc1(  2) =                       1288
             ns =                             2576
             v%n_s =                             2
             c%n_s[global] =                 73536
Member 0: 
- Valid time: 2010-01-01T12:00:00Z
  Geometry: unstructured.a3ac36d [173]
  Fields:
    air_horizontal_streamfunction: 1.8957835882880520e+01
Member 1: 
- Valid time: 2010-01-01T12:00:00Z
  Geometry: unstructured.a3ac36d [173]
  Fields:
    air_horizontal_streamfunction: 2.0300590021342586e+01
Member 2: 
- Valid time: 2010-01-01T12:00:00Z
  Geometry: unstructured.a3ac36d [173]
  Fields:
    air_horizontal_streamfunction: 1.7743917152945269e+01
Member 3: 
- Valid time: 2010-01-01T12:00:00Z
  Geometry: unstructured.a3ac36d [173]
  Fields:
    air_horizontal_streamfunction: 1.8170653250490613e+01
Member 4: 
- Valid time: 2010-01-01T12:00:00Z
  Geometry: unstructured.a3ac36d [173]
  Fields:
    air_horizontal_streamfunction: 1.7641723545088652e+01
Member 5: 
- Valid time: 2010-01-01T12:00:00Z
  Geometry: unstructured.a3ac36d [173]
  Fields:
    air_horizontal_streamfunction: 1.9705687652928624e+01
Member 6: 
- Valid time: 2010-01-01T12:00:00Z
  Geometry: unstructured.a3ac36d [173]
  Fields:
    air_horizontal_streamfunction: 1.6297831725558030e+01
Member 7: 
- Valid time: 2010-01-01T12:00:00Z
  Geometry: unstructured.a3ac36d [173]
  Fields:
    air_horizontal_streamfunction: 1.8237897316175648e+01
Member 8: 
- Valid time: 2010-01-01T12:00:00Z
  Geometry: unstructured.a3ac36d [173]
  Fields:
    air_horizontal_streamfunction: 1.8367327562266503e+01
Member 9: 
- Valid time: 2010-01-01T12:00:00Z
  Geometry: unstructured.a3ac36d [173]
  Fields:
    air_horizontal_streamfunction: 2.1781927785260109e+01
Member 10: 
- Valid time: 2010-01-01T12:00:00Z
  Geometry: unstructured.a3ac36d [173]
  Fields:
    air_horizontal_streamfunction: 1.9060526011828184e+01
Member 11: 
- Valid time: 2010-01-01T12:00:00Z
  Geometry: unstructured.a3ac36d [173]
  Fields:
    air_horizontal_streamfunction: 1.8740846817493953e+01
Member 12: 
- Valid time: 2010-01-01T12:00:00Z
  Geometry: unstructured.a3ac36d [173]
  Fields:
    air_horizontal_streamfunction: 1.8731347831397979e+01
Member 13: 
- Valid time: 2010-01-01T12:00:00Z
  Geometry: unstructured.a3ac36d [173]
  Fields:
    air_horizontal_streamfunction: 1.8796864483822780e+01
Member 14: 
- Valid time: 2010-01-01T12:00:00Z
  Geometry: unstructured.a3ac36d [173]
  Fields:
    air_horizontal_streamfunction: 1.7577047722879264e+01
Member 15: 
- Valid time: 2010-01-01T12:00:00Z
  Geometry: unstructured.a3ac36d [173]
  Fields:
    air_horizontal_streamfunction: 1.9285123103137323e+01
Member 16: 
- Valid time: 2010-01-01T12:00:00Z
  Geometry: unstructured.a3ac36d [173]
  Fields:
    air_horizontal_streamfunction: 1.9224395304078747e+01
Member 17: 
- Valid time: 2010-01-01T12:00:00Z
  Geometry: unstructured.a3ac36d [173]
  Fields:
    air_horizontal_streamfunction: 1.8312770588795399e+01
Member 18: 
- Valid time: 2010-01-01T12:00:00Z
  Geometry: unstructured.a3ac36d [173]
  Fields:
    air_horizontal_streamfunction: 2.0514082230385284e+01
Member 19: 
- Valid time: 2010-01-01T12:00:00Z
  Geometry: unstructured.a3ac36d [173]
  Fields:
    air_horizontal_streamfunction: 1.6557477532183551e+01
Member 20: 
- Valid time: 2010-01-01T12:00:00Z
  Geometry: unstructured.a3ac36d [173]
  Fields:
    air_horizontal_streamfunction: 1.8487698096752247e+01
Member 21: 
- Valid time: 2010-01-01T12:00:00Z
  Geometry: unstructured.a3ac36d [173]
  Fields:
    air_horizontal_streamfunction: 1.9076310329643615e+01
Member 22: 
- Valid time: 2010-01-01T12:00:00Z
  Geometry: unstructured.a3ac36d [173]
  Fields:
    air_horizontal_streamfunction: 2.0447169360343260e+01
Member 23: 
- Valid time: 2010-01-01T12:00:00Z
  Geometry: unstructured.a3ac36d [173]
  Fields:
    air_horizontal_streamfunction: 2.0228204123951723e+01
Member 24: 
- Valid time: 2010-01-01T12:00:00Z
  Geometry: unstructured.a3ac36d [173]
  Fields:
    air_horizontal_streamfunction: 1.8294657076967784e+01
